Component: ARM Compiler 5.06 update 6 (build 750) Tool: armlink [4d35ed]

==============================================================================

Section Cross References

    startup_stm32l475xx.o(RESET) refers to startup_stm32l475xx.o(STACK) for __initial_sp
    startup_stm32l475xx.o(RESET) refers to startup_stm32l475xx.o(.text) for Reset_Handler
    startup_stm32l475xx.o(RESET) refers to stm32l4xx_it.o(i.NMI_Handler) for NMI_Handler
    startup_stm32l475xx.o(RESET) refers to stm32l4xx_it.o(i.HardFault_Handler) for HardFault_Handler
    startup_stm32l475xx.o(RESET) refers to stm32l4xx_it.o(i.MemManage_Handler) for MemManage_Handler
    startup_stm32l475xx.o(RESET) refers to stm32l4xx_it.o(i.BusFault_Handler) for BusFault_Handler
    startup_stm32l475xx.o(RESET) refers to stm32l4xx_it.o(i.UsageFault_Handler) for UsageFault_Handler
    startup_stm32l475xx.o(RESET) refers to stm32l4xx_it.o(i.SVC_Handler) for SVC_Handler
    startup_stm32l475xx.o(RESET) refers to stm32l4xx_it.o(i.DebugMon_Handler) for DebugMon_Handler
    startup_stm32l475xx.o(RESET) refers to stm32l4xx_it.o(i.PendSV_Handler) for PendSV_Handler
    startup_stm32l475xx.o(RESET) refers to stm32l4xx_it.o(i.SysTick_Handler) for SysTick_Handler
    startup_stm32l475xx.o(RESET) refers to stm32l4xx_it.o(i.USART2_IRQHandler) for USART2_IRQHandler
    startup_stm32l475xx.o(RESET) refers to stm32l4xx_it.o(i.LPUART1_IRQHandler) for LPUART1_IRQHandler
    startup_stm32l475xx.o(.text) refers to system_stm32l4xx.o(i.SystemInit) for SystemInit
    startup_stm32l475xx.o(.text) refers to entry.o(.ARM.Collect$$$$00000000) for __main
    lsm6dsl.o(i.Accelero_Test) refers to printf6.o(i.__0printf$6) for __2printf
    lsm6dsl.o(i.Accelero_Test) refers to lsm6dsl.o(i.BSP_ACCELERO_Init) for BSP_ACCELERO_Init
    lsm6dsl.o(i.Accelero_Test) refers to lsm6dsl.o(i.BSP_ACCELERO_AccGetXYZ) for BSP_ACCELERO_AccGetXYZ
    lsm6dsl.o(i.Accelero_Test) refers to lsm6dsl.o(.conststring) for .conststring
    lsm6dsl.o(i.Accelero_Test) refers to lsm6dsl.o(.data) for .data
    lsm6dsl.o(i.BSP_ACCELERO_AccGetXYZ) refers to lsm6dsl.o(.data) for .data
    lsm6dsl.o(i.BSP_ACCELERO_DeInit) refers to lsm6dsl.o(.data) for .data
    lsm6dsl.o(i.BSP_ACCELERO_Init) refers to lsm6dsl.o(.data) for .data
    lsm6dsl.o(i.I2Cx_Error) refers to stm32l4xx_hal_i2c.o(i.HAL_I2C_DeInit) for HAL_I2C_DeInit
    lsm6dsl.o(i.I2Cx_Error) refers to lsm6dsl.o(i.MX_I2C1_Init) for MX_I2C1_Init
    lsm6dsl.o(i.I2Cx_ReadMultiple) refers to stm32l4xx_hal_i2c.o(i.HAL_I2C_Mem_Read) for HAL_I2C_Mem_Read
    lsm6dsl.o(i.I2Cx_ReadMultiple) refers to lsm6dsl.o(i.I2Cx_Error) for I2Cx_Error
    lsm6dsl.o(i.I2Cx_WriteMultiple) refers to stm32l4xx_hal_i2c.o(i.HAL_I2C_Mem_Write) for HAL_I2C_Mem_Write
    lsm6dsl.o(i.I2Cx_WriteMultiple) refers to lsm6dsl.o(i.I2Cx_Error) for I2Cx_Error
    lsm6dsl.o(i.LSM6DSL_AccDeInit) refers to lsm6dsl.o(i.SENSOR_IO_Read) for SENSOR_IO_Read
    lsm6dsl.o(i.LSM6DSL_AccDeInit) refers to lsm6dsl.o(i.SENSOR_IO_Write) for SENSOR_IO_Write
    lsm6dsl.o(i.LSM6DSL_AccInit) refers to lsm6dsl.o(i.SENSOR_IO_Read) for SENSOR_IO_Read
    lsm6dsl.o(i.LSM6DSL_AccInit) refers to lsm6dsl.o(i.SENSOR_IO_Write) for SENSOR_IO_Write
    lsm6dsl.o(i.LSM6DSL_AccLowPower) refers to lsm6dsl.o(i.SENSOR_IO_Read) for SENSOR_IO_Read
    lsm6dsl.o(i.LSM6DSL_AccLowPower) refers to lsm6dsl.o(i.SENSOR_IO_Write) for SENSOR_IO_Write
    lsm6dsl.o(i.LSM6DSL_AccReadID) refers to lsm6dsl.o(i.MX_I2C1_Init) for MX_I2C1_Init
    lsm6dsl.o(i.LSM6DSL_AccReadID) refers to lsm6dsl.o(i.SENSOR_IO_Read) for SENSOR_IO_Read
    lsm6dsl.o(i.LSM6DSL_AccReadXYZ) refers to lsm6dsl.o(i.SENSOR_IO_Read) for SENSOR_IO_Read
    lsm6dsl.o(i.LSM6DSL_AccReadXYZ) refers to lsm6dsl.o(i.SENSOR_IO_ReadMultiple) for SENSOR_IO_ReadMultiple
    lsm6dsl.o(i.MX_I2C1_Init) refers to stm32l4xx_hal_i2c.o(i.HAL_I2C_Init) for HAL_I2C_Init
    lsm6dsl.o(i.MX_I2C1_Init) refers to main.o(i.Error_Handler) for Error_Handler
    lsm6dsl.o(i.MX_I2C1_Init) refers to stm32l4xx_hal_i2c_ex.o(i.HAL_I2CEx_ConfigAnalogFilter) for HAL_I2CEx_ConfigAnalogFilter
    lsm6dsl.o(i.MX_I2C1_Init) refers to stm32l4xx_hal_i2c_ex.o(i.HAL_I2CEx_ConfigDigitalFilter) for HAL_I2CEx_ConfigDigitalFilter
    lsm6dsl.o(i.MX_I2C1_Init) refers to main.o(.bss) for hi2c1
    lsm6dsl.o(i.SENSOR_IO_Init) refers to lsm6dsl.o(i.MX_I2C1_Init) for MX_I2C1_Init
    lsm6dsl.o(i.SENSOR_IO_Read) refers to lsm6dsl.o(i.I2Cx_ReadMultiple) for I2Cx_ReadMultiple
    lsm6dsl.o(i.SENSOR_IO_Read) refers to main.o(.bss) for hi2c1
    lsm6dsl.o(i.SENSOR_IO_ReadMultiple) refers to lsm6dsl.o(i.I2Cx_ReadMultiple) for I2Cx_ReadMultiple
    lsm6dsl.o(i.SENSOR_IO_ReadMultiple) refers to main.o(.bss) for hi2c1
    lsm6dsl.o(i.SENSOR_IO_Write) refers to lsm6dsl.o(i.I2Cx_WriteMultiple) for I2Cx_WriteMultiple
    lsm6dsl.o(i.SENSOR_IO_Write) refers to main.o(.bss) for hi2c1
    lsm6dsl.o(i.SENSOR_IO_WriteMultiple) refers to lsm6dsl.o(i.I2Cx_WriteMultiple) for I2Cx_WriteMultiple
[...]
    ../clib/microlib/init/entry.s            0x00000000   Number         0  entry5.o ABSOLUTE
    ../clib/microlib/init/entry.s            0x00000000   Number         0  entry8b.o ABSOLUTE
    ../clib/microlib/init/entry.s            0x00000000   Number         0  entry2.o ABSOLUTE
    ../clib/microlib/init/entry.s            0x00000000   Number         0  entry9b.o ABSOLUTE
    ../clib/microlib/init/entry.s            0x00000000   Number         0  entry11b.o ABSOLUTE
    ../clib/microlib/init/entry.s            0x00000000   Number         0  entry.o ABSOLUTE
    ../clib/microlib/init/entry.s            0x00000000   Number         0  entry11a.o ABSOLUTE
    ../clib/microlib/init/entry.s            0x00000000   Number         0  entry9a.o ABSOLUTE
    ../clib/microlib/init/entry.s            0x00000000   Number         0  entry7b.o ABSOLUTE
    ../clib/microlib/init/entry.s            0x00000000   Number         0  entry7a.o ABSOLUTE
    ../clib/microlib/longlong.c              0x00000000   Number         0  llshl.o ABSOLUTE
    ../clib/microlib/longlong.c              0x00000000   Number         0  llsshr.o ABSOLUTE
    ../clib/microlib/longlong.c              0x00000000   Number         0  llushr.o ABSOLUTE
    ../clib/microlib/printf/printf.c         0x00000000   Number         0  printfa.o ABSOLUTE
    ../clib/microlib/printf/printf.c         0x00000000   Number         0  printf4.o ABSOLUTE
    ../clib/microlib/printf/printf.c         0x00000000   Number         0  printf3.o ABSOLUTE
    ../clib/microlib/printf/printf.c         0x00000000   Number         0  printfb.o ABSOLUTE
    ../clib/microlib/printf/printf.c         0x00000000   Number         0  printf2.o ABSOLUTE
    ../clib/microlib/printf/printf.c         0x00000000   Number         0  printf1.o ABSOLUTE
    ../clib/microlib/printf/printf.c         0x00000000   Number         0  printf0.o ABSOLUTE
    ../clib/microlib/printf/printf.c         0x00000000   Number         0  printf8.o ABSOLUTE
    ../clib/microlib/printf/printf.c         0x00000000   Number         0  printf7.o ABSOLUTE
    ../clib/microlib/printf/printf.c         0x00000000   Number         0  printf6.o ABSOLUTE
    ../clib/microlib/printf/printf.c         0x00000000   Number         0  printf5.o ABSOLUTE
    ../clib/microlib/printf/stubs.s          0x00000000   Number         0  stubs.o ABSOLUTE
    ../clib/microlib/stdio/getc.c            0x00000000   Number         0  getc.o ABSOLUTE
    ../clib/microlib/stdio/streams.c         0x00000000   Number         0  stdin.o ABSOLUTE
    ../clib/microlib/stdio/streams.c         0x00000000   Number         0  stdout.o ABSOLUTE
    ../clib/microlib/string/memcpy.c         0x00000000   Number         0  memcpyb.o ABSOLUTE
    ../clib/microlib/string/memcpy.c         0x00000000   Number         0  memcpya.o ABSOLUTE
    ../clib/microlib/string/memset.c         0x00000000   Number         0  memseta.o ABSOLUTE
    ../clib/microlib/string/strchr.c         0x00000000   Number         0  strchr.o ABSOLUTE
    ../clib/microlib/string/strlen.c         0x00000000   Number         0  strlen.o ABSOLUTE
    ../clib/microlib/string/strncpy.c        0x00000000   Number         0  strncpy.o ABSOLUTE
    ../clib/microlib/string/strstr.c         0x00000000   Number         0  strstr.o ABSOLUTE
    ../clib/microlib/stubs.s                 0x00000000   Number         0  iusefp.o ABSOLUTE
    ../clib/scanf.c                          0x00000000   Number         0  scanf_fp.o ABSOLUTE
    ../clib/scanf.c                          0x00000000   Number         0  _scanf_int.o ABSOLUTE
    ../clib/scanf.c                          0x00000000   Number         0  __0sscanf.o ABSOLUTE
    ../clib/scanf.c                          0x00000000   Number         0  _scanf.o ABSOLUTE
    ../clib/scanf.c                          0x00000000   Number         0  _chval.o ABSOLUTE
    ../clib/scanf.c                          0x00000000   Number         0  _sgetc.o ABSOLUTE
    ../clib/scanf.c                          0x00000000   Number         0  scanf_char.o ABSOLUTE
    ../fplib/microlib/d2f.c                  0x00000000   Number         0  d2f.o ABSOLUTE
    ../fplib/microlib/fpadd.c                0x00000000   Number         0  dadd.o ABSOLUTE
    ../fplib/microlib/fpdiv.c                0x00000000   Number         0  ddiv.o ABSOLUTE
    ../fplib/microlib/fpepilogue.c           0x00000000   Number         0  fepilogue.o ABSOLUTE
    ../fplib/microlib/fpepilogue.c           0x00000000   Number         0  depilogue.o ABSOLUTE
    ../fplib/microlib/fpfix.c                0x00000000   Number         0  dfixul.o ABSOLUTE
    ../fplib/microlib/fpflt.c                0x00000000   Number         0  dfltul.o ABSOLUTE
    ../fplib/microlib/fpmul.c                0x00000000   Number         0  dmul.o ABSOLUTE
    ..\Bsp\AT_UART.c                         0x00000000   Number         0  at_uart.o ABSOLUTE
    ..\Bsp\Lsm6dsl.c                         0x00000000   Number         0  lsm6dsl.o ABSOLUTE
    ..\Bsp\buffer.c                          0x00000000   Number         0  buffer.o ABSOLUTE
    ..\Bsp\crc.c                             0x00000000   Number         0  crc.o ABSOLUTE
    ..\Bsp\drv_nb.c                          0x00000000   Number         0  drv_nb.o ABSOLUTE
    ..\Drivers\STM32L4xx_HAL_Driver\Src\stm32l4xx_hal.c 0x00000000   Number         0  stm32l4xx_hal.o ABSOLUTE
    ..\Drivers\STM32L4xx_HAL_Driver\Src\stm32l4xx_hal_adc.c 0x00000000   Number         0  stm32l4xx_hal_adc.o ABSOLUTE
    ..\Drivers\STM32L4xx_HAL_Driver\Src\stm32l4xx_hal_adc_ex.c 0x00000000   Number         0  stm32l4xx_hal_adc_ex.o ABSOLUTE
    ..\Drivers\STM32L4xx_HAL_Driver\Src\stm32l4xx_hal_cortex.c 0x00000000   Number         0  stm32l4xx_hal_cortex.o ABSOLUTE
    ..\Drivers\STM32L4xx_HAL_Driver\Src\stm32l4xx_hal_dma.c 0x00000000   Number         0  stm32l4xx_hal_dma.o ABSOLUTE
    ..\Drivers\STM32L4xx_HAL_Driver\Src\stm32l4xx_hal_dma_ex.c 0x00000000   Number         0  stm32l4xx_hal_dma_ex.o ABSOLUTE
    ..\Drivers\STM32L4xx_HAL_Driver\Src\stm32l4xx_hal_flash.c 0x00000000   Number         0  stm32l4xx_hal_flash.o ABSOLUTE
    ..\Drivers\STM32L4xx_HAL_Driver\Src\stm32l4xx_hal_flash_ex.c 0x00000000   Number         0  stm32l4xx_hal_flash_ex.o ABSOLUTE
    ..\Drivers\STM32L4xx_HAL_Driver\Src\stm32l4xx_hal_flash_ramfunc.c 0x00000000   Number         0  stm32l4xx_hal_flash_ramfunc.o ABSOLUTE
    ..\Drivers\STM32L4xx_HAL_Driver\Src\stm32l4xx_hal_gpio.c 0x00000000   Number         0  stm32l4xx_hal_gpio.o ABSOLUTE
    ..\Drivers\STM32L4xx_HAL_Driver\Src\stm32l4xx_hal_i2c.c 0x00000000   Number         0  stm32l4xx_hal_i2c.o ABSOLUTE
    ..\Drivers\STM32L4xx_HAL_Driver\Src\stm32l4xx_hal_i2c_ex.c 0x00000000   Number         0  stm32l4xx_hal_i2c_ex.o ABSOLUTE
    ..\Drivers\STM32L4xx_HAL_Driver\Src\stm32l4xx_hal_pwr.c 0x00000000   Number         0  stm32l4xx_hal_pwr.o ABSOLUTE
    ..\Drivers\STM32L4xx_HAL_Driver\Src\stm32l4xx_hal_pwr_ex.c 0x00000000   Number         0  stm32l4xx_hal_pwr_ex.o ABSOLUTE
    ..\Drivers\STM32L4xx_HAL_Driver\Src\stm32l4xx_hal_rcc.c 0x00000000   Number         0  stm32l4xx_hal_rcc.o ABSOLUTE
    ..\Drivers\STM32L4xx_HAL_Driver\Src\stm32l4xx_hal_rcc_ex.c 0x00000000   Number         0  stm32l4xx_hal_rcc_ex.o ABSOLUTE
    ..\Drivers\STM32L4xx_HAL_Driver\Src\stm32l4xx_hal_tim.c 0x00000000   Number         0  stm32l4xx_hal_tim.o ABSOLUTE
    ..\Drivers\STM32L4xx_HAL_Driver\Src\stm32l4xx_hal_tim_ex.c 0x00000000   Number         0  stm32l4xx_hal_tim_ex.o ABSOLUTE
    ..\Drivers\STM32L4xx_HAL_Driver\Src\stm32l4xx_hal_uart.c 0x00000000   Number         0  stm32l4xx_hal_uart.o ABSOLUTE
    ..\Drivers\STM32L4xx_HAL_Driver\Src\stm32l4xx_hal_uart_ex.c 0x00000000   Number         0  stm32l4xx_hal_uart_ex.o ABSOLUTE
    ..\Src\main.c                            0x00000000   Number         0  main.o ABSOLUTE
    ..\Src\stm32l4xx_hal_msp.c               0x00000000   Number         0  stm32l4xx_hal_msp.o ABSOLUTE
    ..\Src\stm32l4xx_it.c                    0x00000000   Number         0  stm32l4xx_it.o ABSOLUTE
    ..\Src\system_stm32l4xx.c                0x00000000   Number         0  system_stm32l4xx.o ABSOLUTE
    ..\\Bsp\\AT_UART.c                       0x00000000   Number         0  at_uart.o ABSOLUTE
    ..\\Bsp\\Lsm6dsl.c                       0x00000000   Number         0  lsm6dsl.o ABSOLUTE
    ..\\Bsp\\buffer.c                        0x00000000   Number         0  buffer.o ABSOLUTE
    ..\\Bsp\\crc.c                           0x00000000   Number         0  crc.o ABSOLUTE
    ..\\Bsp\\drv_nb.c                        0x00000000   Number         0  drv_nb.o ABSOLUTE
    cdrcmple.s                               0x00000000   Number         0  cdrcmple.o ABSOLUTE
    dc.s                                     0x00000000   Number         0  dc.o ABSOLUTE
    handlers.s                               0x00000000   Number         0  handlers.o ABSOLUTE
    init.s                                   0x00000000   Number         0  init.o ABSOLUTE
    startup_stm32l475xx.s                    0x00000000   Number         0  startup_stm32l475xx.o ABSOLUTE
    RESET                                    0x08000000   Section      392  startup_stm32l475xx.o(RESET)
    .ARM.Collect$$$$00000000                 0x08000188   Section        0  entry.o(.ARM.Collect$$$$00000000)
    .ARM.Collect$$$$00000001                 0x08000188   Section        4  entry2.o(.ARM.Collect$$$$00000001)
    .ARM.Collect$$$$00000004                 0x0800018c   Section        4  entry5.o(.ARM.Collect$$$$00000004)
    .ARM.Collect$$$$00000008                 0x08000190   Section        0  entry7b.o(.ARM.Collect$$$$00000008)
    .ARM.Collect$$$$0000000A                 0x08000190   Section        0  entry8b.o(.ARM.Collect$$$$0000000A)
    .ARM.Collect$$$$0000000B                 0x08000190   Section        8  entry9a.o(.ARM.Collect$$$$0000000B)
    .ARM.Collect$$$$0000000D                 0x08000198   Section        0  entry10a.o(.ARM.Collect$$$$0000000D)
    .ARM.Collect$$$$0000000F                 0x08000198   Section        0  entry11a.o(.ARM.Collect$$$$0000000F)
    .ARM.Collect$$$$00002712                 0x08000198   Section        4  entry2.o(.ARM.Collect$$$$00002712)
    __lit__00000000                          0x08000198   Data           4  entry2.o(.ARM.Collect$$$$00002712)
    .text                                    0x0800019c   Section       36  startup_stm32l475xx.o(.text)
    $v0                                      0x0800019c   Number         0  startup_stm32l475xx.o(.text)
    .text                                    0x080001c0   Section        0  uldiv.o(.text)
    .text                                    0x08000228   Section        0  memcpya.o(.text)
    .text                                    0x0800024c   Section        0  memseta.o(.text)
    .text                                    0x08000270   Section        0  strstr.o(.text)
    .text                                    0x08000294   Section        0  strncpy.o(.text)
    .text                                    0x080002ac   Section        0  strchr.o(.text)
    .text                                    0x080002c0   Section        0  strlen.o(.text)
    .text                                    0x080002d0   Section        0  __0sscanf.o(.text)
    .text                                    0x08000308   Section        0  _scanf_int.o(.text)
    .text                                    0x0800045c   Section        0  scanf_fp.o(.text)
    _fp_value                                0x0800045d   Thumb Code   296  scanf_fp.o(.text)
    .text                                    0x080007c2   Section        0  uidiv.o(.text)
    .text                                    0x080007ee   Section        0  llshl.o(.text)
    .text                                    0x0800080c   Section        0  llushr.o(.text)
    .text                                    0x0800082c   Section        0  _chval.o(.text)
    .text                                    0x08000848   Section        0  scanf_char.o(.text)
    _scanf_char_input                        0x08000849   Thumb Code    12  scanf_char.o(.text)
    .text                                    0x08000870   Section        0  _sgetc.o(.text)
    .text                                    0x080008b0   Section        0  dmul.o(.text)
    .text                                    0x080008b0   Section        0  iusefp.o(.text)
    .text                                    0x0800099a   Section        0  ddiv.o(.text)
    .text                                    0x08000a78   Section        0  dfltul.o(.text)
    .text                                    0x08000a90   Section        0  d2f.o(.text)
    .text                                    0x08000ac8   Section       36  init.o(.text)
    .text                                    0x08000aec   Section        0  isspace_c.o(.text)
    .text                                    0x08000af8   Section        0  _scanf.o(.text)
    .text                                    0x08000e2a   Section        0  fepilogue.o(.text)
    .text                                    0x08000e98   Section        0  depilogue.o(.text)
    .text                                    0x08000f54   Section        0  ctype_c.o(.text)
    i.Accelero_Test                          0x08000f7c   Section        0  lsm6dsl.o(i.Accelero_Test)
    i.BSP_ACCELERO_AccGetXYZ                 0x08001030   Section        0  lsm6dsl.o(i.BSP_ACCELERO_AccGetXYZ)
    i.BSP_ACCELERO_Init                      0x08001048   Section        0  lsm6dsl.o(i.BSP_ACCELERO_Init)
    i.Buffer_Lpuart1RecvClear                0x08001070   Section        0  buffer.o(i.Buffer_Lpuart1RecvClear)
    i.BusFault_Handler                       0x08001094   Section        0  stm32l4xx_it.o(i.BusFault_Handler)
    i.DebugMon_Handler                       0x08001096   Section        0  stm32l4xx_it.o(i.DebugMon_Handler)
    i.Error_Handler                          0x08001098   Section        0  main.o(i.Error_Handler)
    i.HAL_DMA_Abort_IT                       0x0800109a   Section        0  stm32l4xx_hal_dma.o(i.HAL_DMA_Abort_IT)
    i.HAL_Delay                              0x080010e8   Section        0  stm32l4xx_hal.o(i.HAL_Delay)
    i.HAL_GPIO_DeInit                        0x08001104   Section        0  stm32l4xx_hal_gpio.o(i.HAL_GPIO_DeInit)
    i.HAL_GPIO_Init                          0x08001258   Section        0  stm32l4xx_hal_gpio.o(i.HAL_GPIO_Init)
    i.HAL_GPIO_WritePin                      0x08001422   Section        0  stm32l4xx_hal_gpio.o(i.HAL_GPIO_WritePin)
    i.HAL_GetTick                            0x0800142c   Section        0  stm32l4xx_hal.o(i.HAL_GetTick)
    i.HAL_I2CEx_ConfigAnalogFilter           0x08001438   Section        0  stm32l4xx_hal_i2c_ex.o(i.HAL_I2CEx_ConfigAnalogFilter)
    i.HAL_I2CEx_ConfigDigitalFilter          0x0800148e   Section        0  stm32l4xx_hal_i2c_ex.o(i.HAL_I2CEx_ConfigDigitalFilter)
    i.HAL_I2C_DeInit                         0x080014e0   Section        0  stm32l4xx_hal_i2c.o(i.HAL_I2C_DeInit)
    i.HAL_I2C_Init                           0x08001514   Section        0  stm32l4xx_hal_i2c.o(i.HAL_I2C_Init)
    i.HAL_I2C_Mem_Read                       0x080015cc   Section        0  stm32l4xx_hal_i2c.o(i.HAL_I2C_Mem_Read)
    i.HAL_I2C_Mem_Write                      0x08001738   Section        0  stm32l4xx_hal_i2c.o(i.HAL_I2C_Mem_Write)
    i.HAL_I2C_MspDeInit                      0x08001898   Section        0  stm32l4xx_hal_msp.o(i.HAL_I2C_MspDeInit)
    i.HAL_I2C_MspInit                        0x080018c0   Section        0  stm32l4xx_hal_msp.o(i.HAL_I2C_MspInit)
    i.HAL_IncTick                            0x08001924   Section        0  stm32l4xx_hal.o(i.HAL_IncTick)
    i.HAL_Init                               0x08001934   Section        0  stm32l4xx_hal.o(i.HAL_Init)
    i.HAL_InitTick                           0x08001954   Section        0  stm32l4xx_hal.o(i.HAL_InitTick)
    i.HAL_MspInit                            0x08001984   Section        0  stm32l4xx_hal_msp.o(i.HAL_MspInit)
    i.HAL_NVIC_EnableIRQ                     0x080019b0   Section        0  stm32l4xx_hal_cortex.o(i.HAL_NVIC_EnableIRQ)
    i.HAL_NVIC_SetPriority                   0x080019c8   Section        0  stm32l4xx_hal_cortex.o(i.HAL_NVIC_SetPriority)
    i.HAL_NVIC_SetPriorityGrouping           0x08001a08   Section        0  stm32l4xx_hal_cortex.o(i.HAL_NVIC_SetPriorityGrouping)
    i.HAL_PWREx_ControlVoltageScaling        0x08001a2c   Section        0  stm32l4xx_hal_pwr_ex.o(i.HAL_PWREx_ControlVoltageScaling)
    i.HAL_PWREx_GetVoltageRange              0x08001a94   Section        0  stm32l4xx_hal_pwr_ex.o(i.HAL_PWREx_GetVoltageRange)
    i.HAL_PWR_EnableBkUpAccess               0x08001aa4   Section        0  stm32l4xx_hal_pwr.o(i.HAL_PWR_EnableBkUpAccess)
    i.HAL_RCCEx_EnableMSIPLLMode             0x08001ab4   Section        0  stm32l4xx_hal_rcc_ex.o(i.HAL_RCCEx_EnableMSIPLLMode)
    i.HAL_RCCEx_PeriphCLKConfig              0x08001ac4   Section        0  stm32l4xx_hal_rcc_ex.o(i.HAL_RCCEx_PeriphCLKConfig)
    i.HAL_RCC_ClockConfig                    0x08001e74   Section        0  stm32l4xx_hal_rcc.o(i.HAL_RCC_ClockConfig)
    i.HAL_RCC_GetPCLK1Freq                   0x08001f8c   Section        0  stm32l4xx_hal_rcc.o(i.HAL_RCC_GetPCLK1Freq)
    i.HAL_RCC_GetPCLK2Freq                   0x08001fb0   Section        0  stm32l4xx_hal_rcc.o(i.HAL_RCC_GetPCLK2Freq)
    i.HAL_RCC_GetSysClockFreq                0x08001fd4   Section        0  stm32l4xx_hal_rcc.o(i.HAL_RCC_GetSysClockFreq)
    i.HAL_RCC_OscConfig                      0x08002078   Section        0  stm32l4xx_hal_rcc.o(i.HAL_RCC_OscConfig)
    i.HAL_SYSTICK_Config                     0x080024dc   Section        0  stm32l4xx_hal_cortex.o(i.HAL_SYSTICK_Config)
    i.HAL_UARTEx_WakeupCallback              0x08002504   Section        0  stm32l4xx_hal_uart_ex.o(i.HAL_UARTEx_WakeupCallback)
    i.HAL_UART_ErrorCallback                 0x08002506   Section        0  stm32l4xx_hal_uart.o(i.HAL_UART_ErrorCallback)
    i.HAL_UART_IRQHandler                    0x08002508   Section        0  stm32l4xx_hal_uart.o(i.HAL_UART_IRQHandler)
    i.HAL_UART_Init                          0x0800264c   Section        0  stm32l4xx_hal_uart.o(i.HAL_UART_Init)
    i.HAL_UART_MspInit                       0x080026b8   Section        0  stm32l4xx_hal_msp.o(i.HAL_UART_MspInit)
    i.HAL_UART_RxCpltCallback                0x080027a0   Section        0  main.o(i.HAL_UART_RxCpltCallback)
    i.HAL_UART_Transmit                      0x08002828   Section        0  stm32l4xx_hal_uart.o(i.HAL_UART_Transmit)
    i.HAL_UART_TxCpltCallback                0x080028d8   Section        0  stm32l4xx_hal_uart.o(i.HAL_UART_TxCpltCallback)
    i.HardFault_Handler                      0x080028da   Section        0  stm32l4xx_it.o(i.HardFault_Handler)
    i.I2C_Flush_TXDR                         0x080028dc   Section        0  stm32l4xx_hal_i2c.o(i.I2C_Flush_TXDR)
    I2C_Flush_TXDR                           0x080028dd   Thumb Code    34  stm32l4xx_hal_i2c.o(i.I2C_Flush_TXDR)
    i.I2C_IsAcknowledgeFailed                0x08002900   Section        0  stm32l4xx_hal_i2c.o(i.I2C_IsAcknowledgeFailed)
    I2C_IsAcknowledgeFailed                  0x08002901   Thumb Code   128  stm32l4xx_hal_i2c.o(i.I2C_IsAcknowledgeFailed)
    i.I2C_RequestMemoryRead                  0x08002984   Section        0  stm32l4xx_hal_i2c.o(i.I2C_RequestMemoryRead)
    I2C_RequestMemoryRead                    0x08002985   Thumb Code    94  stm32l4xx_hal_i2c.o(i.I2C_RequestMemoryRead)
    i.I2C_RequestMemoryWrite                 0x080029e8   Section        0  stm32l4xx_hal_i2c.o(i.I2C_RequestMemoryWrite)
    I2C_RequestMemoryWrite                   0x080029e9   Thumb Code    94  stm32l4xx_hal_i2c.o(i.I2C_RequestMemoryWrite)
    i.I2C_TransferConfig                     0x08002a4c   Section        0  stm32l4xx_hal_i2c.o(i.I2C_TransferConfig)
    I2C_TransferConfig                       0x08002a4d   Thumb Code    40  stm32l4xx_hal_i2c.o(i.I2C_TransferConfig)
    i.I2C_WaitOnFlagUntilTimeout             0x08002a78   Section        0  stm32l4xx_hal_i2c.o(i.I2C_WaitOnFlagUntilTimeout)
    I2C_WaitOnFlagUntilTimeout               0x08002a79   Thumb Code    88  stm32l4xx_hal_i2c.o(i.I2C_WaitOnFlagUntilTimeout)
    i.I2C_WaitOnSTOPFlagUntilTimeout         0x08002ad0   Section        0  stm32l4xx_hal_i2c.o(i.I2C_WaitOnSTOPFlagUntilTimeout)
    I2C_WaitOnSTOPFlagUntilTimeout           0x08002ad1   Thumb Code    76  stm32l4xx_hal_i2c.o(i.I2C_WaitOnSTOPFlagUntilTimeout)
    i.I2C_WaitOnTXISFlagUntilTimeout         0x08002b1c   Section        0  stm32l4xx_hal_i2c.o(i.I2C_WaitOnTXISFlagUntilTimeout)
    I2C_WaitOnTXISFlagUntilTimeout           0x08002b1d   Thumb Code    80  stm32l4xx_hal_i2c.o(i.I2C_WaitOnTXISFlagUntilTimeout)
    i.I2Cx_Error                             0x08002b6c   Section        0  lsm6dsl.o(i.I2Cx_Error)
    I2Cx_Error                               0x08002b6d   Thumb Code    14  lsm6dsl.o(i.I2Cx_Error)
    i.I2Cx_ReadMultiple                      0x08002b7a   Section        0  lsm6dsl.o(i.I2Cx_ReadMultiple)
    I2Cx_ReadMultiple                        0x08002b7b   Thumb Code    42  lsm6dsl.o(i.I2Cx_ReadMultiple)
    i.I2Cx_WriteMultiple                     0x08002ba4   Section        0  lsm6dsl.o(i.I2Cx_WriteMultiple)
    I2Cx_WriteMultiple                       0x08002ba5   Thumb Code    42  lsm6dsl.o(i.I2Cx_WriteMultiple)
    i.LPUART1_IRQHandler                     0x08002bd0   Section        0  stm32l4xx_it.o(i.LPUART1_IRQHandler)
    i.LSM6DSL_AccDeInit                      0x08002bdc   Section        0  lsm6dsl.o(i.LSM6DSL_AccDeInit)
    i.LSM6DSL_AccInit                        0x08002bf6   Section        0  lsm6dsl.o(i.LSM6DSL_AccInit)
    i.LSM6DSL_AccLowPower                    0x08002c2e   Section        0  lsm6dsl.o(i.LSM6DSL_AccLowPower)
    i.LSM6DSL_AccReadID                      0x08002c50   Section        0  lsm6dsl.o(i.LSM6DSL_AccReadID)
    i.LSM6DSL_AccReadXYZ                     0x08002c64   Section        0  lsm6dsl.o(i.LSM6DSL_AccReadXYZ)
    i.MX_GPIO_Init                           0x08002d18   Section        0  main.o(i.MX_GPIO_Init)
    MX_GPIO_Init                             0x08002d19   Thumb Code   206  main.o(i.MX_GPIO_Init)
    i.MX_I2C1_Init                           0x08002df8   Section        0  lsm6dsl.o(i.MX_I2C1_Init)
    i.MX_LPUART1_UART_Init                   0x08002e50   Section        0  main.o(i.MX_LPUART1_UART_Init)
    MX_LPUART1_UART_Init                     0x08002e51   Thumb Code    58  main.o(i.MX_LPUART1_UART_Init)
    i.MX_USART2_UART_Init                    0x08002ec4   Section        0  main.o(i.MX_USART2_UART_Init)
    MX_USART2_UART_Init                      0x08002ec5   Thumb Code    62  main.o(i.MX_USART2_UART_Init)
    i.Mcu_UartxSendAtCommand                 0x08002f10   Section        0  at_uart.o(i.Mcu_UartxSendAtCommand)
    i.Mcu_UartxSendByte                      0x08002fd6   Section        0  at_uart.o(i.Mcu_UartxSendByte)
    i.Mcu_UartxSendLR                        0x08002fee   Section        0  at_uart.o(i.Mcu_UartxSendLR)
    i.Mcu_UartxSendString                    0x080030b8   Section        0  at_uart.o(i.Mcu_UartxSendString)
    i.MemManage_Handler                      0x08003136   Section        0  stm32l4xx_it.o(i.MemManage_Handler)
    i.NMI_Handler                            0x08003138   Section        0  stm32l4xx_it.o(i.NMI_Handler)
    i.NVIC_SetPriority                       0x0800313a   Section        0  stm32l4xx_hal_cortex.o(i.NVIC_SetPriority)
    NVIC_SetPriority                         0x0800313b   Thumb Code    32  stm32l4xx_hal_cortex.o(i.NVIC_SetPriority)
    i.PendSV_Handler                         0x0800315a   Section        0  stm32l4xx_it.o(i.PendSV_Handler)
    i.RCCEx_PLLSAI1_Config                   0x0800315c   Section        0  stm32l4xx_hal_rcc_ex.o(i.RCCEx_PLLSAI1_Config)
    RCCEx_PLLSAI1_Config                     0x0800315d   Thumb Code   278  stm32l4xx_hal_rcc_ex.o(i.RCCEx_PLLSAI1_Config)
    i.RCCEx_PLLSAI2_Config                   0x08003288   Section        0  stm32l4xx_hal_rcc_ex.o(i.RCCEx_PLLSAI2_Config)
    RCCEx_PLLSAI2_Config                     0x08003289   Thumb Code   250  stm32l4xx_hal_rcc_ex.o(i.RCCEx_PLLSAI2_Config)
    i.RCC_SetFlashLatencyFromMSIRange        0x08003390   Section        0  stm32l4xx_hal_rcc.o(i.RCC_SetFlashLatencyFromMSIRange)
    RCC_SetFlashLatencyFromMSIRange          0x08003391   Thumb Code   116  stm32l4xx_hal_rcc.o(i.RCC_SetFlashLatencyFromMSIRange)
    i.SENSOR_IO_Read                         0x0800340c   Section        0  lsm6dsl.o(i.SENSOR_IO_Read)
    i.SENSOR_IO_ReadMultiple                 0x08003430   Section        0  lsm6dsl.o(i.SENSOR_IO_ReadMultiple)
    i.SENSOR_IO_Write                        0x08003448   Section        0  lsm6dsl.o(i.SENSOR_IO_Write)
    i.SVC_Handler                            0x08003468   Section        0  stm32l4xx_it.o(i.SVC_Handler)
    i.SysTick_Handler                        0x0800346a   Section        0  stm32l4xx_it.o(i.SysTick_Handler)
    i.SystemClock_Config                     0x08003470   Section        0  main.o(i.SystemClock_Config)
    SystemClock_Config                       0x08003471   Thumb Code   208  main.o(i.SystemClock_Config)
    i.SystemInit                             0x08003574   Section        0  system_stm32l4xx.o(i.SystemInit)
    i.UART_AdvFeatureConfig                  0x080035b8   Section        0  stm32l4xx_hal_uart.o(i.UART_AdvFeatureConfig)
    i.UART_CheckIdleState                    0x08003680   Section        0  stm32l4xx_hal_uart.o(i.UART_CheckIdleState)
    i.UART_DMAAbortOnError                   0x080036dc   Section        0  stm32l4xx_hal_uart.o(i.UART_DMAAbortOnError)
    UART_DMAAbortOnError                     0x080036dd   Thumb Code    20  stm32l4xx_hal_uart.o(i.UART_DMAAbortOnError)
    i.UART_EndRxTransfer                     0x080036f0   Section        0  stm32l4xx_hal_uart.o(i.UART_EndRxTransfer)
    UART_EndRxTransfer                       0x080036f1   Thumb Code    32  stm32l4xx_hal_uart.o(i.UART_EndRxTransfer)
    i.UART_SetConfig                         0x08003710   Section        0  stm32l4xx_hal_uart.o(i.UART_SetConfig)
    i.UART_WaitOnFlagUntilTimeout            0x080039b0   Section        0  stm32l4xx_hal_uart.o(i.UART_WaitOnFlagUntilTimeout)
    i.USART2_IRQHandler                      0x08003a14   Section        0  stm32l4xx_it.o(i.USART2_IRQHandler)
    i.UsageFault_Handler                     0x08003a20   Section        0  stm32l4xx_it.o(i.UsageFault_Handler)
    i.__0printf$6                            0x08003a24   Section        0  printf6.o(i.__0printf$6)
    i.__0sprintf$6                           0x08003a44   Section        0  printf6.o(i.__0sprintf$6)
    i.__scatterload_copy                     0x08003a6c   Section       14  handlers.o(i.__scatterload_copy)
    i.__scatterload_null                     0x08003a7a   Section        2  handlers.o(i.__scatterload_null)
    i.__scatterload_zeroinit                 0x08003a7c   Section       14  handlers.o(i.__scatterload_zeroinit)
    i._is_digit                              0x08003a8a   Section        0  scanf_fp.o(i._is_digit)
    i._printf_core                           0x08003a98   Section        0  printf6.o(i._printf_core)
    _printf_core                             0x08003a99   Thumb Code   748  printf6.o(i._printf_core)
    i._printf_post_padding                   0x08003d8e   Section        0  printf6.o(i._printf_post_padding)
    _printf_post_padding                     0x08003d8f   Thumb Code    36  printf6.o(i._printf_post_padding)
    i._printf_pre_padding                    0x08003db2   Section        0  printf6.o(i._printf_pre_padding)
    _printf_pre_padding                      0x08003db3   Thumb Code    46  printf6.o(i._printf_pre_padding)
    i._sputc                                 0x08003de0   Section        0  printf6.o(i._sputc)
    _sputc                                   0x08003de1   Thumb Code    10  printf6.o(i._sputc)
    i.attach_network                         0x08003dec   Section        0  drv_nb.o(i.attach_network)
    i.bc28_agatt_query                       0x08003e64   Section        0  drv_nb.o(i.bc28_agatt_query)
    i.bc28_cereg_query                       0x08003ff0   Section        0  drv_nb.o(i.bc28_cereg_query)
    i.bc28_cgsn_query                        0x08004174   Section        0  drv_nb.o(i.bc28_cgsn_query)
    i.bc28_cimi_query                        0x080042ec   Section        0  drv_nb.o(i.bc28_cimi_query)
    i.bc28_cmee_at                           0x0800445c   Section        0  drv_nb.o(i.bc28_cmee_at)
    i.bc28_coapcontext_create                0x08004580   Section        0  drv_nb.o(i.bc28_coapcontext_create)
    i.bc28_coapcontext_delete                0x0800472c   Section        0  drv_nb.o(i.bc28_coapcontext_delete)
    i.bc28_coaphead_config                   0x080048bc   Section        0  drv_nb.o(i.bc28_coaphead_config)
    i.bc28_coapmsg_key                       0x08004af0   Section        0  drv_nb.o(i.bc28_coapmsg_key)
    i.bc28_coapmsg_option_config             0x08004c04   Section        0  drv_nb.o(i.bc28_coapmsg_option_config)
    i.bc28_coapmsg_post                      0x08004d8c   Section        0  drv_nb.o(i.bc28_coapmsg_post)
    i.bc28_coapmsg_send                      0x08004e64   Section        0  drv_nb.o(i.bc28_coapmsg_send)
    i.bc28_csq_query                         0x08004f7c   Section        0  drv_nb.o(i.bc28_csq_query)
    i.bc28_datastatus_query                  0x08005110   Section        0  drv_nb.o(i.bc28_datastatus_query)
    i.bc28_echo_off                          0x080052a0   Section        0  drv_nb.o(i.bc28_echo_off)
    i.bc28_nconfig_auto                      0x08005380   Section        0  drv_nb.o(i.bc28_nconfig_auto)
    i.bc28_rst_at                            0x080054b4   Section        0  drv_nb.o(i.bc28_rst_at)
    i.convert_tohexstring                    0x080055d0   Section        0  crc.o(i.convert_tohexstring)
    i.fputc                                  0x0800563c   Section        0  main.o(i.fputc)
    i.main                                   0x08005654   Section        0  main.o(i.main)
    i.nbdatastatus_analyze                   0x08005730   Section        0  drv_nb.o(i.nbdatastatus_analyze)
    i.nbmsg_send                             0x080057f4   Section        0  drv_nb.o(i.nbmsg_send)
    i.nbraw_send                             0x08005a40   Section        0  drv_nb.o(i.nbraw_send)
    i.nbtoken_get                            0x08005b1c   Section        0  drv_nb.o(i.nbtoken_get)
    .constdata                               0x08005d48   Section       64  system_stm32l4xx.o(.constdata)
    .constdata                               0x08005d88   Section        8  system_stm32l4xx.o(.constdata)
    .constdata                               0x08005d90   Section       64  ctype_c.o(.constdata)
    .conststring                             0x08005dd0   Section      202  lsm6dsl.o(.conststring)
    .conststring                             0x08005e9c   Section       67  main.o(.conststring)
    .data                                    0x20000000   Section       64  lsm6dsl.o(.data)
    AccelerometerDrv                         0x20000000   Data           4  lsm6dsl.o(.data)
    .data                                    0x20000040   Section        1  main.o(.data)
    .data                                    0x20000044   Section        4  stm32l4xx_hal.o(.data)
    .data                                    0x20000048   Section        4  system_stm32l4xx.o(.data)
    .data                                    0x2000004c   Section        8  drv_nb.o(.data)
    attach_network_flag                      0x2000004c   Data           4  drv_nb.o(.data)
    csq                                      0x20000050   Data           4  drv_nb.o(.data)
    .data                                    0x20000054   Section       24  buffer.o(.data)
    .data                                    0x2000006c   Section        4  stdout.o(.data)
    .bss                                     0x20000070   Section       76  main.o(.bss)
    .bss                                     0x200000bc   Section      240  main.o(.bss)
    .bss                                     0x200001ac   Section       16  drv_nb.o(.bss)
    token                                    0x200001ac   Data          16  drv_nb.o(.bss)
    .bss                                     0x200001bc   Section     2048  buffer.o(.bss)
    STACK                                    0x200009c0   Section     1536  startup_stm32l475xx.o(STACK)

    Global Symbols

    Symbol Name                              Value     Ov Type        Size  Object(Section)

    BuildAttributes$$THM_ISAv4$E$P$D$K$B$S$7EM$VFPi3$EXTD16$VFPS$VFMA$PE$A:L22UL41UL21$X:L11$S22US41US21$IEEE1$IW$USESV6$~STKCKD$USESV7$~SHL$OTIME$ROPI$EBA8$MICROLIB$REQ8$PRES8$EABIv2 0x00000000   Number         0  anon$$obj.o ABSOLUTE
    __ARM_use_no_argv                        0x00000000   Number         0  main.o ABSOLUTE
    _printf_a                                0x00000000   Number         0  stubs.o ABSOLUTE
    _printf_c                                0x00000000   Number         0  stubs.o ABSOLUTE
    _printf_charcount                        0x00000000   Number         0  stubs.o ABSOLUTE
    _printf_d                                0x00000000   Number         0  stubs.o ABSOLUTE
    _printf_e                                0x00000000   Number         0  stubs.o ABSOLUTE
    _printf_f                                0x00000000   Number         0  stubs.o ABSOLUTE
    _printf_flags                            0x00000000   Number         0  stubs.o ABSOLUTE
    _printf_fp_dec                           0x00000000   Number         0  stubs.o ABSOLUTE
    _printf_fp_hex                           0x00000000   Number         0  stubs.o ABSOLUTE
    _printf_g                                0x00000000   Number         0  stubs.o ABSOLUTE
    _printf_i                                0x00000000   Number         0  stubs.o ABSOLUTE
    _printf_int_dec                          0x00000000   Number         0  stubs.o ABSOLUTE
    _printf_l                                0x00000000   Number         0  stubs.o ABSOLUTE
    _printf_lc                               0x00000000   Number         0  stubs.o ABSOLUTE
    _printf_ll                               0x00000000   Number         0  stubs.o ABSOLUTE
    _printf_lld                              0x00000000   Number         0  stubs.o ABSOLUTE
    _printf_lli                              0x00000000   Number         0  stubs.o ABSOLUTE
    _printf_llo                              0x00000000   Number         0  stubs.o ABSOLUTE
    _printf_llu                              0x00000000   Number         0  stubs.o ABSOLUTE
    _printf_llx                              0x00000000   Number         0  stubs.o ABSOLUTE
    _printf_longlong_dec                     0x00000000   Number         0  stubs.o ABSOLUTE
    _printf_longlong_hex                     0x00000000   Number         0  stubs.o ABSOLUTE
    _printf_longlong_oct                     0x00000000   Number         0  stubs.o ABSOLUTE
    _printf_ls                               0x00000000   Number         0  stubs.o ABSOLUTE
    _printf_mbtowc                           0x00000000   Number         0  stubs.o ABSOLUTE
    _printf_n                                0x00000000   Number         0  stubs.o ABSOLUTE
    _printf_o                                0x00000000   Number         0  stubs.o ABSOLUTE
    _printf_p                                0x00000000   Number         0  stubs.o ABSOLUTE
    _printf_percent                          0x00000000   Number         0  stubs.o ABSOLUTE
    _printf_pre_padding                      0x00000000   Number         0  stubs.o ABSOLUTE
    _printf_return_value                     0x00000000   Number         0  stubs.o ABSOLUTE
    _printf_s                                0x00000000   Number         0  stubs.o ABSOLUTE
    _printf_sizespec                         0x00000000   Number         0  stubs.o ABSOLUTE
    _printf_str                              0x00000000   Number         0  stubs.o ABSOLUTE
    _printf_truncate_signed                  0x00000000   Number         0  stubs.o ABSOLUTE
    _printf_truncate_unsigned                0x00000000   Number         0  stubs.o ABSOLUTE
    _printf_u                                0x00000000   Number         0  stubs.o ABSOLUTE
    _printf_wc                               0x00000000   Number         0  stubs.o ABSOLUTE
    _printf_wctomb                           0x00000000   Number         0  stubs.o ABSOLUTE
    _printf_widthprec                        0x00000000   Number         0  stubs.o ABSOLUTE
    _printf_x                                0x00000000   Number         0  stubs.o ABSOLUTE
    __cpp_initialize__aeabi_                  - Undefined Weak Reference
    __cxa_finalize                            - Undefined Weak Reference
    __decompress                              - Undefined Weak Reference
    _clock_init                               - Undefined Weak Reference
    _microlib_exit                            - Undefined Weak Reference
    _scanf_longlong                           - Undefined Weak Reference
    _scanf_string                             - Undefined Weak Reference
    __Vectors_Size                           0x00000188   Number         0  startup_stm32l475xx.o ABSOLUTE
    __Vectors                                0x08000000   Data           4  startup_stm32l475xx.o(RESET)
    __Vectors_End                            0x08000188   Data           0  startup_stm32l475xx.o(RESET)
    __main                                   0x08000189   Thumb Code     0  entry.o(.ARM.Collect$$$$00000000)
    _main_stk                                0x08000189   Thumb Code     0  entry2.o(.ARM.Collect$$$$00000001)
    _main_scatterload                        0x0800018d   Thumb Code     0  entry5.o(.ARM.Collect$$$$00000004)
    __main_after_scatterload                 0x08000191   Thumb Code     0  entry5.o(.ARM.Collect$$$$00000004)
    _main_clock                              0x08000191   Thumb Code     0  entry7b.o(.ARM.Collect$$$$00000008)
    _main_cpp_init                           0x08000191   Thumb Code     0  entry8b.o(.ARM.Collect$$$$0000000A)
    _main_init                               0x08000191   Thumb Code     0  entry9a.o(.ARM.Collect$$$$0000000B)
    __rt_final_cpp                           0x08000199   Thumb Code     0  entry10a.o(.ARM.Collect$$$$0000000D)
    __rt_final_exit                          0x08000199   Thumb Code     0  entry11a.o(.ARM.Collect$$$$0000000F)
    Reset_Handler                            0x0800019d   Thumb Code     8  startup_stm32l475xx.o(.text)
    ADC1_2_IRQHandler                        0x080001b7   Thumb Code     0  startup_stm32l475xx.o(.text)
    ADC3_IRQHandler                          0x080001b7   Thumb Code     0  startup_stm32l475xx.o(.text)
    CAN1_RX0_IRQHandler                      0x080001b7   Thumb Code     0  startup_stm32l475xx.o(.text)
    CAN1_RX1_IRQHandler                      0x080001b7   Thumb Code     0  startup_stm32l475xx.o(.text)
    CAN1_SCE_IRQHandler                      0x080001b7   Thumb Code     0  startup_stm32l475xx.o(.text)
    CAN1_TX_IRQHandler                       0x080001b7   Thumb Code     0  startup_stm32l475xx.o(.text)
    COMP_IRQHandler                          0x080001b7   Thumb Code     0  startup_stm32l475xx.o(.text)
    DFSDM1_FLT0_IRQHandler                   0x080001b7   Thumb Code     0  startup_stm32l475xx.o(.text)
    DFSDM1_FLT1_IRQHandler                   0x080001b7   Thumb Code     0  startup_stm32l475xx.o(.text)
    DFSDM1_FLT2_IRQHandler                   0x080001b7   Thumb Code     0  startup_stm32l475xx.o(.text)
    DFSDM1_FLT3_IRQHandler                   0x080001b7   Thumb Code     0  startup_stm32l475xx.o(.text)
    DMA1_Channel1_IRQHandler                 0x080001b7   Thumb Code     0  startup_stm32l475xx.o(.text)
    DMA1_Channel2_IRQHandler                 0x080001b7   Thumb Code     0  startup_stm32l475xx.o(.text)
    DMA1_Channel3_IRQHandler                 0x080001b7   Thumb Code     0  startup_stm32l475xx.o(.text)
    DMA1_Channel4_IRQHandler                 0x080001b7   Thumb Code     0  startup_stm32l475xx.o(.text)
    DMA1_Channel5_IRQHandler                 0x080001b7   Thumb Code     0  startup_stm32l475xx.o(.text)
    DMA1_Channel6_IRQHandler                 0x080001b7   Thumb Code     0  startup_stm32l475xx.o(.text)
    DMA1_Channel7_IRQHandler                 0x080001b7   Thumb Code     0  startup_stm32l475xx.o(.text)
    DMA2_Channel1_IRQHandler                 0x080001b7   Thumb Code     0  startup_stm32l475xx.o(.text)
    DMA2_Channel2_IRQHandler                 0x080001b7   Thumb Code     0  startup_stm32l475xx.o(.text)
    DMA2_Channel3_IRQHandler                 0x080001b7   Thumb Code     0  startup_stm32l475xx.o(.text)
    DMA2_Channel4_IRQHandler                 0x080001b7   Thumb Code     0  startup_stm32l475xx.o(.text)
    DMA2_Channel5_IRQHandler                 0x080001b7   Thumb Code     0  startup_stm32l475xx.o(.text)
    DMA2_Channel6_IRQHandler                 0x080001b7   Thumb Code     0  startup_stm32l475xx.o(.text)
    DMA2_Channel7_IRQHandler                 0x080001b7   Thumb Code     0  startup_stm32l475xx.o(.text)
    EXTI0_IRQHandler                         0x080001b7   Thumb Code     0  startup_stm32l475xx.o(.text)
    EXTI15_10_IRQHandler                     0x080001b7   Thumb Code     0  startup_stm32l475xx.o(.text)
    EXTI1_IRQHandler                         0x080001b7   Thumb Code     0  startup_stm32l475xx.o(.text)
    EXTI2_IRQHandler                         0x080001b7   Thumb Code     0  startup_stm32l475xx.o(.text)
    EXTI3_IRQHandler                         0x080001b7   Thumb Code     0  startup_stm32l475xx.o(.text)
    EXTI4_IRQHandler                         0x080001b7   Thumb Code     0  startup_stm32l475xx.o(.text)
    EXTI9_5_IRQHandler                       0x080001b7   Thumb Code     0  startup_stm32l475xx.o(.text)
    FLASH_IRQHandler                         0x080001b7   Thumb Code     0  startup_stm32l475xx.o(.text)
    FMC_IRQHandler                           0x080001b7   Thumb Code     0  startup_stm32l475xx.o(.text)
    FPU_IRQHandler                           0x080001b7   Thumb Code     0  startup_stm32l475xx.o(.text)
    I2C1_ER_IRQHandler                       0x080001b7   Thumb Code     0  startup_stm32l475xx.o(.text)
    I2C1_EV_IRQHandler                       0x080001b7   Thumb Code     0  startup_stm32l475xx.o(.text)
    I2C2_ER_IRQHandler                       0x080001b7   Thumb Code     0  startup_stm32l475xx.o(.text)
    I2C2_EV_IRQHandler                       0x080001b7   Thumb Code     0  startup_stm32l475xx.o(.text)
    I2C3_ER_IRQHandler                       0x080001b7   Thumb Code     0  startup_stm32l475xx.o(.text)
    I2C3_EV_IRQHandler                       0x080001b7   Thumb Code     0  startup_stm32l475xx.o(.text)
    LPTIM1_IRQHandler                        0x080001b7   Thumb Code     0  startup_stm32l475xx.o(.text)
    LPTIM2_IRQHandler                        0x080001b7   Thumb Code     0  startup_stm32l475xx.o(.text)
    OTG_FS_IRQHandler                        0x080001b7   Thumb Code     0  startup_stm32l475xx.o(.text)
    PVD_PVM_IRQHandler                       0x080001b7   Thumb Code     0  startup_stm32l475xx.o(.text)
    QUADSPI_IRQHandler                       0x080001b7   Thumb Code     0  startup_stm32l475xx.o(.text)
    RCC_IRQHandler                           0x080001b7   Thumb Code     0  startup_stm32l475xx.o(.text)
    RNG_IRQHandler                           0x080001b7   Thumb Code     0  startup_stm32l475xx.o(.text)
    RTC_Alarm_IRQHandler                     0x080001b7   Thumb Code     0  startup_stm32l475xx.o(.text)
    RTC_WKUP_IRQHandler                      0x080001b7   Thumb Code     0  startup_stm32l475xx.o(.text)
    SAI1_IRQHandler                          0x080001b7   Thumb Code     0  startup_stm32l475xx.o(.text)
    SAI2_IRQHandler                          0x080001b7   Thumb Code     0  startup_stm32l475xx.o(.text)
    SDMMC1_IRQHandler                        0x080001b7   Thumb Code     0  startup_stm32l475xx.o(.text)
    SPI1_IRQHandler                          0x080001b7   Thumb Code     0  startup_stm32l475xx.o(.text)
    SPI2_IRQHandler                          0x080001b7   Thumb Code     0  startup_stm32l475xx.o(.text)
    SPI3_IRQHandler                          0x080001b7   Thumb Code     0  startup_stm32l475xx.o(.text)
    SWPMI1_IRQHandler                        0x080001b7   Thumb Code     0  startup_stm32l475xx.o(.text)
    TAMP_STAMP_IRQHandler                    0x080001b7   Thumb Code     0  startup_stm32l475xx.o(.text)
    TIM1_BRK_TIM15_IRQHandler                0x080001b7   Thumb Code     0  startup_stm32l475xx.o(.text)
    TIM1_CC_IRQHandler                       0x080001b7   Thumb Code     0  startup_stm32l475xx.o(.text)
    TIM1_TRG_COM_TIM17_IRQHandler            0x080001b7   Thumb Code     0  startup_stm32l475xx.o(.text)
    TIM1_UP_TIM16_IRQHandler                 0x080001b7   Thumb Code     0  startup_stm32l475xx.o(.text)
    TIM2_IRQHandler                          0x080001b7   Thumb Code     0  startup_stm32l475xx.o(.text)
    TIM3_IRQHandler                          0x080001b7   Thumb Code     0  startup_stm32l475xx.o(.text)
    TIM4_IRQHandler                          0x080001b7   Thumb Code     0  startup_stm32l475xx.o(.text)
    TIM5_IRQHandler                          0x080001b7   Thumb Code     0  startup_stm32l475xx.o(.text)
    TIM6_DAC_IRQHandler                      0x080001b7   Thumb Code     0  startup_stm32l475xx.o(.text)
    TIM7_IRQHandler                          0x080001b7   Thumb Code     0  startup_stm32l475xx.o(.text)
    TIM8_BRK_IRQHandler                      0x080001b7   Thumb Code     0  startup_stm32l475xx.o(.text)
    TIM8_CC_IRQHandler                       0x080001b7   Thumb Code     0  startup_stm32l475xx.o(.text)
    TIM8_TRG_COM_IRQHandler                  0x080001b7   Thumb Code     0  startup_stm32l475xx.o(.text)
    TIM8_UP_IRQHandler                       0x080001b7   Thumb Code     0  startup_stm32l475xx.o(.text)
    TSC_IRQHandler                           0x080001b7   Thumb Code     0  startup_stm32l475xx.o(.text)
    UART4_IRQHandler                         0x080001b7   Thumb Code     0  startup_stm32l475xx.o(.text)
    UART5_IRQHandler                         0x080001b7   Thumb Code     0  startup_stm32l475xx.o(.text)
    USART1_IRQHandler                        0x080001b7   Thumb Code     0  startup_stm32l475xx.o(.text)
    USART3_IRQHandler                        0x080001b7   Thumb Code     0  startup_stm32l475xx.o(.text)
    WWDG_IRQHandler                          0x080001b7   Thumb Code     0  startup_stm32l475xx.o(.text)
    __aeabi_uldivmod                         0x080001c1   Thumb Code    98  uldiv.o(.text)
    __aeabi_memcpy                           0x08000229   Thumb Code    36  memcpya.o(.text)
    __aeabi_memcpy4                          0x08000229   Thumb Code     0  memcpya.o(.text)
    __aeabi_memcpy8                          0x08000229   Thumb Code     0  memcpya.o(.text)
    __aeabi_memset                           0x0800024d   Thumb Code    14  memseta.o(.text)
    __aeabi_memset4                          0x0800024d   Thumb Code     0  memseta.o(.text)
    __aeabi_memset8                          0x0800024d   Thumb Code     0  memseta.o(.text)
    __aeabi_memclr                           0x0800025b   Thumb Code     4  memseta.o(.text)
    __aeabi_memclr4                          0x0800025b   Thumb Code     0  memseta.o(.text)
    __aeabi_memclr8                          0x0800025b   Thumb Code     0  memseta.o(.text)
    _memset$wrapper                          0x0800025f   Thumb Code    18  memseta.o(.text)
    strstr                                   0x08000271   Thumb Code    36  strstr.o(.text)
    strncpy                                  0x08000295   Thumb Code    24  strncpy.o(.text)
    strchr                                   0x080002ad   Thumb Code    20  strchr.o(.text)
    strlen                                   0x080002c1   Thumb Code    14  strlen.o(.text)
    __0sscanf                                0x080002d1   Thumb Code    48  __0sscanf.o(.text)
    _scanf_int                               0x08000309   Thumb Code   332  _scanf_int.o(.text)
    _scanf_real                              0x08000585   Thumb Code     0  scanf_fp.o(.text)
    _scanf_really_real                       0x08000585   Thumb Code   556  scanf_fp.o(.text)
    __aeabi_uidiv                            0x080007c3   Thumb Code     0  uidiv.o(.text)
    __aeabi_uidivmod                         0x080007c3   Thumb Code    44  uidiv.o(.text)
    __aeabi_llsl                             0x080007ef   Thumb Code    30  llshl.o(.text)
    _ll_shift_l                              0x080007ef   Thumb Code     0  llshl.o(.text)
    __aeabi_llsr                             0x0800080d   Thumb Code    32  llushr.o(.text)
    _ll_ushift_r                             0x0800080d   Thumb Code     0  llushr.o(.text)
    _chval                                   0x0800082d   Thumb Code    28  _chval.o(.text)
    __vfscanf_char                           0x08000855   Thumb Code    20  scanf_char.o(.text)
    _sgetc                                   0x08000871   Thumb Code    30  _sgetc.o(.text)
    _sbackspace                              0x0800088f   Thumb Code    34  _sgetc.o(.text)
    __I$use$fp                               0x080008b1   Thumb Code     0  iusefp.o(.text)
    __aeabi_dmul                             0x080008b1   Thumb Code   228  dmul.o(.text)
    __aeabi_ddiv                             0x0800099b   Thumb Code   222  ddiv.o(.text)
    __aeabi_ul2d                             0x08000a79   Thumb Code    24  dfltul.o(.text)
    __aeabi_d2f                              0x08000a91   Thumb Code    56  d2f.o(.text)
    __scatterload                            0x08000ac9   Thumb Code    28  init.o(.text)
    __scatterload_rt2                        0x08000ac9   Thumb Code     0  init.o(.text)
    isspace                                  0x08000aed   Thumb Code    10  isspace_c.o(.text)
    __vfscanf                                0x08000af9   Thumb Code   808  _scanf.o(.text)
    _float_round                             0x08000e2b   Thumb Code    18  fepilogue.o(.text)
    _float_epilogue                          0x08000e3d   Thumb Code    92  fepilogue.o(.text)
    _double_round                            0x08000e99   Thumb Code    30  depilogue.o(.text)
    _double_epilogue                         0x08000eb7   Thumb Code   156  depilogue.o(.text)
    __ctype_lookup                           0x08000f55   Thumb Code    34  ctype_c.o(.text)
    Accelero_Test                            0x08000f7d   Thumb Code    72  lsm6dsl.o(i.Accelero_Test)
    BSP_ACCELERO_AccGetXYZ                   0x08001031   Thumb Code    18  lsm6dsl.o(i.BSP_ACCELERO_AccGetXYZ)
    BSP_ACCELERO_Init                        0x08001049   Thumb Code    36  lsm6dsl.o(i.BSP_ACCELERO_Init)
    Buffer_Lpuart1RecvClear                  0x08001071   Thumb Code    28  buffer.o(i.Buffer_Lpuart1RecvClear)
    BusFault_Handler                         0x08001095   Thumb Code     2  stm32l4xx_it.o(i.BusFault_Handler)
    DebugMon_Handler                         0x08001097   Thumb Code     2  stm32l4xx_it.o(i.DebugMon_Handler)
    Error_Handler                            0x08001099   Thumb Code     2  main.o(i.Error_Handler)
    HAL_DMA_Abort_IT                         0x0800109b   Thumb Code    78  stm32l4xx_hal_dma.o(i.HAL_DMA_Abort_IT)
    HAL_Delay                                0x080010e9   Thumb Code    28  stm32l4xx_hal.o(i.HAL_Delay)
    HAL_GPIO_DeInit                          0x08001105   Thumb Code   298  stm32l4xx_hal_gpio.o(i.HAL_GPIO_DeInit)
    HAL_GPIO_Init                            0x08001259   Thumb Code   414  stm32l4xx_hal_gpio.o(i.HAL_GPIO_Init)
    HAL_GPIO_WritePin                        0x08001423   Thumb Code    10  stm32l4xx_hal_gpio.o(i.HAL_GPIO_WritePin)
    HAL_GetTick                              0x0800142d   Thumb Code     6  stm32l4xx_hal.o(i.HAL_GetTick)
    HAL_I2CEx_ConfigAnalogFilter             0x08001439   Thumb Code    86  stm32l4xx_hal_i2c_ex.o(i.HAL_I2CEx_ConfigAnalogFilter)
    HAL_I2CEx_ConfigDigitalFilter            0x0800148f   Thumb Code    82  stm32l4xx_hal_i2c_ex.o(i.HAL_I2CEx_ConfigDigitalFilter)
    HAL_I2C_DeInit                           0x080014e1   Thumb Code    50  stm32l4xx_hal_i2c.o(i.HAL_I2C_DeInit)
    HAL_I2C_Init                             0x08001515   Thumb Code   178  stm32l4xx_hal_i2c.o(i.HAL_I2C_Init)
    HAL_I2C_Mem_Read                         0x080015cd   Thumb Code   346  stm32l4xx_hal_i2c.o(i.HAL_I2C_Mem_Read)
    HAL_I2C_Mem_Write                        0x08001739   Thumb Code   340  stm32l4xx_hal_i2c.o(i.HAL_I2C_Mem_Write)
    HAL_I2C_MspDeInit                        0x08001899   Thumb Code    28  stm32l4xx_hal_msp.o(i.HAL_I2C_MspDeInit)
    HAL_I2C_MspInit                          0x080018c1   Thumb Code    88  stm32l4xx_hal_msp.o(i.HAL_I2C_MspInit)
    HAL_IncTick                              0x08001925   Thumb Code    10  stm32l4xx_hal.o(i.HAL_IncTick)
    HAL_Init                                 0x08001935   Thumb Code    30  stm32l4xx_hal.o(i.HAL_Init)
    HAL_InitTick                             0x08001955   Thumb Code    42  stm32l4xx_hal.o(i.HAL_InitTick)
    HAL_MspInit                              0x08001985   Thumb Code    38  stm32l4xx_hal_msp.o(i.HAL_MspInit)
    HAL_NVIC_EnableIRQ                       0x080019b1   Thumb Code    22  stm32l4xx_hal_cortex.o(i.HAL_NVIC_EnableIRQ)
    HAL_NVIC_SetPriority                     0x080019c9   Thumb Code    60  stm32l4xx_hal_cortex.o(i.HAL_NVIC_SetPriority)
    HAL_NVIC_SetPriorityGrouping             0x08001a09   Thumb Code    26  stm32l4xx_hal_cortex.o(i.HAL_NVIC_SetPriorityGrouping)
    HAL_PWREx_ControlVoltageScaling          0x08001a2d   Thumb Code    90  stm32l4xx_hal_pwr_ex.o(i.HAL_PWREx_ControlVoltageScaling)
    HAL_PWREx_GetVoltageRange                0x08001a95   Thumb Code    10  stm32l4xx_hal_pwr_ex.o(i.HAL_PWREx_GetVoltageRange)
    HAL_PWR_EnableBkUpAccess                 0x08001aa5   Thumb Code    12  stm32l4xx_hal_pwr.o(i.HAL_PWR_EnableBkUpAccess)
    HAL_RCCEx_EnableMSIPLLMode               0x08001ab5   Thumb Code    12  stm32l4xx_hal_rcc_ex.o(i.HAL_RCCEx_EnableMSIPLLMode)
    HAL_RCCEx_PeriphCLKConfig                0x08001ac5   Thumb Code   928  stm32l4xx_hal_rcc_ex.o(i.HAL_RCCEx_PeriphCLKConfig)
    HAL_RCC_ClockConfig                      0x08001e75   Thumb Code   264  stm32l4xx_hal_rcc.o(i.HAL_RCC_ClockConfig)
    HAL_RCC_GetPCLK1Freq                     0x08001f8d   Thumb Code    24  stm32l4xx_hal_rcc.o(i.HAL_RCC_GetPCLK1Freq)
    HAL_RCC_GetPCLK2Freq                     0x08001fb1   Thumb Code    24  stm32l4xx_hal_rcc.o(i.HAL_RCC_GetPCLK2Freq)
    HAL_RCC_GetSysClockFreq                  0x08001fd5   Thumb Code   152  stm32l4xx_hal_rcc.o(i.HAL_RCC_GetSysClockFreq)
    HAL_RCC_OscConfig                        0x08002079   Thumb Code  1118  stm32l4xx_hal_rcc.o(i.HAL_RCC_OscConfig)
    HAL_SYSTICK_Config                       0x080024dd   Thumb Code    40  stm32l4xx_hal_cortex.o(i.HAL_SYSTICK_Config)
    HAL_UARTEx_WakeupCallback                0x08002505   Thumb Code     2  stm32l4xx_hal_uart_ex.o(i.HAL_UARTEx_WakeupCallback)
    HAL_UART_ErrorCallback                   0x08002507   Thumb Code     2  stm32l4xx_hal_uart.o(i.HAL_UART_ErrorCallback)
    HAL_UART_IRQHandler                      0x08002509   Thumb Code   320  stm32l4xx_hal_uart.o(i.HAL_UART_IRQHandler)
    HAL_UART_Init                            0x0800264d   Thumb Code   106  stm32l4xx_hal_uart.o(i.HAL_UART_Init)
    HAL_UART_MspInit                         0x080026b9   Thumb Code   208  stm32l4xx_hal_msp.o(i.HAL_UART_MspInit)
    HAL_UART_RxCpltCallback                  0x080027a1   Thumb Code   114  main.o(i.HAL_UART_RxCpltCallback)
    HAL_UART_Transmit                        0x08002829   Thumb Code   176  stm32l4xx_hal_uart.o(i.HAL_UART_Transmit)
    HAL_UART_TxCpltCallback                  0x080028d9   Thumb Code     2  stm32l4xx_hal_uart.o(i.HAL_UART_TxCpltCallback)
    HardFault_Handler                        0x080028db   Thumb Code     2  stm32l4xx_it.o(i.HardFault_Handler)
    LPUART1_IRQHandler                       0x08002bd1   Thumb Code     6  stm32l4xx_it.o(i.LPUART1_IRQHandler)
    LSM6DSL_AccDeInit                        0x08002bdd   Thumb Code    26  lsm6dsl.o(i.LSM6DSL_AccDeInit)
    LSM6DSL_AccInit                          0x08002bf7   Thumb Code    56  lsm6dsl.o(i.LSM6DSL_AccInit)
    LSM6DSL_AccLowPower                      0x08002c2f   Thumb Code    34  lsm6dsl.o(i.LSM6DSL_AccLowPower)
    LSM6DSL_AccReadID                        0x08002c51   Thumb Code    18  lsm6dsl.o(i.LSM6DSL_AccReadID)
    LSM6DSL_AccReadXYZ                       0x08002c65   Thumb Code   160  lsm6dsl.o(i.LSM6DSL_AccReadXYZ)
    MX_I2C1_Init                             0x08002df9   Thumb Code    74  lsm6dsl.o(i.MX_I2C1_Init)
    Mcu_UartxSendAtCommand                   0x08002f11   Thumb Code   198  at_uart.o(i.Mcu_UartxSendAtCommand)
    Mcu_UartxSendByte                        0x08002fd7   Thumb Code    24  at_uart.o(i.Mcu_UartxSendByte)
    Mcu_UartxSendLR                          0x08002fef   Thumb Code   202  at_uart.o(i.Mcu_UartxSendLR)
    Mcu_UartxSendString                      0x080030b9   Thumb Code   126  at_uart.o(i.Mcu_UartxSendString)
    MemManage_Handler                        0x08003137   Thumb Code     2  stm32l4xx_it.o(i.MemManage_Handler)
    NMI_Handler                              0x08003139   Thumb Code     2  stm32l4xx_it.o(i.NMI_Handler)
    PendSV_Handler                           0x0800315b   Thumb Code     2  stm32l4xx_it.o(i.PendSV_Handler)
    SENSOR_IO_Read                           0x0800340d   Thumb Code    32  lsm6dsl.o(i.SENSOR_IO_Read)
    SENSOR_IO_ReadMultiple                   0x08003431   Thumb Code    20  lsm6dsl.o(i.SENSOR_IO_ReadMultiple)
    SENSOR_IO_Write                          0x08003449   Thumb Code    26  lsm6dsl.o(i.SENSOR_IO_Write)
    SVC_Handler                              0x08003469   Thumb Code     2  stm32l4xx_it.o(i.SVC_Handler)
    SysTick_Handler                          0x0800346b   Thumb Code     4  stm32l4xx_it.o(i.SysTick_Handler)
    SystemInit                               0x08003575   Thumb Code    56  system_stm32l4xx.o(i.SystemInit)
    UART_AdvFeatureConfig                    0x080035b9   Thumb Code   200  stm32l4xx_hal_uart.o(i.UART_AdvFeatureConfig)
    UART_CheckIdleState                      0x08003681   Thumb Code    92  stm32l4xx_hal_uart.o(i.UART_CheckIdleState)
    UART_SetConfig                           0x08003711   Thumb Code   622  stm32l4xx_hal_uart.o(i.UART_SetConfig)
    UART_WaitOnFlagUntilTimeout              0x080039b1   Thumb Code   100  stm32l4xx_hal_uart.o(i.UART_WaitOnFlagUntilTimeout)
    USART2_IRQHandler                        0x08003a15   Thumb Code     6  stm32l4xx_it.o(i.USART2_IRQHandler)
    UsageFault_Handler                       0x08003a21   Thumb Code     2  stm32l4xx_it.o(i.UsageFault_Handler)
    __0printf$6                              0x08003a25   Thumb Code    22  printf6.o(i.__0printf$6)
    __1printf$6                              0x08003a25   Thumb Code     0  printf6.o(i.__0printf$6)
    __2printf                                0x08003a25   Thumb Code     0  printf6.o(i.__0printf$6)
    __0sprintf$6                             0x08003a45   Thumb Code    34  printf6.o(i.__0sprintf$6)
    __1sprintf$6                             0x08003a45   Thumb Code     0  printf6.o(i.__0sprintf$6)
    __2sprintf                               0x08003a45   Thumb Code     0  printf6.o(i.__0sprintf$6)
    __scatterload_copy                       0x08003a6d   Thumb Code    14  handlers.o(i.__scatterload_copy)
    __scatterload_null                       0x08003a7b   Thumb Code     2  handlers.o(i.__scatterload_null)
    __scatterload_zeroinit                   0x08003a7d   Thumb Code    14  handlers.o(i.__scatterload_zeroinit)
    _is_digit                                0x08003a8b   Thumb Code    14  scanf_fp.o(i._is_digit)
    attach_network                           0x08003ded   Thumb Code    68  drv_nb.o(i.attach_network)
    bc28_agatt_query                         0x08003e65   Thumb Code   274  drv_nb.o(i.bc28_agatt_query)
    bc28_cereg_query                         0x08003ff1   Thumb Code   274  drv_nb.o(i.bc28_cereg_query)
    bc28_cgsn_query                          0x08004175   Thumb Code   274  drv_nb.o(i.bc28_cgsn_query)
    bc28_cimi_query                          0x080042ed   Thumb Code   274  drv_nb.o(i.bc28_cimi_query)
    bc28_cmee_at                             0x0800445d   Thumb Code   230  drv_nb.o(i.bc28_cmee_at)
    bc28_coapcontext_create                  0x08004581   Thumb Code   294  drv_nb.o(i.bc28_coapcontext_create)
    bc28_coapcontext_delete                  0x0800472d   Thumb Code   274  drv_nb.o(i.bc28_coapcontext_delete)
    bc28_coaphead_config                     0x080048bd   Thumb Code   370  drv_nb.o(i.bc28_coaphead_config)
    bc28_coapmsg_key                         0x08004af1   Thumb Code   234  drv_nb.o(i.bc28_coapmsg_key)
    bc28_coapmsg_option_config               0x08004c05   Thumb Code   270  drv_nb.o(i.bc28_coapmsg_option_config)
    bc28_coapmsg_post                        0x08004d8d   Thumb Code   206  drv_nb.o(i.bc28_coapmsg_post)
    bc28_coapmsg_send                        0x08004e65   Thumb Code   242  drv_nb.o(i.bc28_coapmsg_send)
    bc28_csq_query                           0x08004f7d   Thumb Code   296  drv_nb.o(i.bc28_csq_query)
    bc28_datastatus_query                    0x08005111   Thumb Code   274  drv_nb.o(i.bc28_datastatus_query)
    bc28_echo_off                            0x080052a1   Thumb Code   208  drv_nb.o(i.bc28_echo_off)
    bc28_nconfig_auto                        0x08005381   Thumb Code   230  drv_nb.o(i.bc28_nconfig_auto)
    bc28_rst_at                              0x080054b5   Thumb Code   230  drv_nb.o(i.bc28_rst_at)
    convert_tohexstring                      0x080055d1   Thumb Code    86  crc.o(i.convert_tohexstring)
    fputc                                    0x0800563d   Thumb Code    20  main.o(i.fputc)
    main                                     0x08005655   Thumb Code   138  main.o(i.main)
    nbdatastatus_analyze                     0x08005731   Thumb Code    72  drv_nb.o(i.nbdatastatus_analyze)
    nbmsg_send                               0x080057f5   Thumb Code   276  drv_nb.o(i.nbmsg_send)
    nbraw_send                               0x08005a41   Thumb Code   210  drv_nb.o(i.nbraw_send)
    nbtoken_get                              0x08005b1d   Thumb Code   248  drv_nb.o(i.nbtoken_get)
    AHBPrescTable                            0x08005d48   Data          16  system_stm32l4xx.o(.constdata)
    MSIRangeTable                            0x08005d58   Data          48  system_stm32l4xx.o(.constdata)
    APBPrescTable                            0x08005d88   Data           8  system_stm32l4xx.o(.constdata)
    __ctype_categories                       0x08005d90   Data          64  ctype_c.o(.constdata)
    Region$$Table$$Base                      0x08005ee0   Number         0  anon$$obj.o(Region$$Table)
    Region$$Table$$Limit                     0x08005f00   Number         0  anon$$obj.o(Region$$Table)
    pDataXYZ                                 0x20000004   Data           6  lsm6dsl.o(.data)
    Lsm6dslAccDrv                            0x2000000c   Data          52  lsm6dsl.o(.data)
    recframe_done                            0x20000040   Data           1  main.o(.data)
    uwTick                                   0x20000044   Data           4  stm32l4xx_hal.o(.data)
    SystemCoreClock                          0x20000048   Data           4  system_stm32l4xx.o(.data)
    recvlp1_num                              0x20000054   Data           2  buffer.o(.data)
    sendlp1_num                              0x20000056   Data           2  buffer.o(.data)
    recv2_num                                0x20000058   Data           2  buffer.o(.data)
    send2_num                                0x2000005a   Data           2  buffer.o(.data)
    recvlp1_ptr                              0x2000005c   Data           4  buffer.o(.data)
    sendlp1_ptr                              0x20000060   Data           4  buffer.o(.data)
    recv2_ptr                                0x20000064   Data           4  buffer.o(.data)
    send2_ptr                                0x20000068   Data           4  buffer.o(.data)
    __stdout                                 0x2000006c   Data           4  stdout.o(.data)
    hi2c1                                    0x20000070   Data          76  main.o(.bss)
    hlpuart1                                 0x200000bc   Data         120  main.o(.bss)
    huart2                                   0x20000134   Data         120  main.o(.bss)
    recvlp1_buf                              0x200001bc   Data         512  buffer.o(.bss)
    sendlp1_buf                              0x200003bc   Data         512  buffer.o(.bss)
    recv2_buf                                0x200005bc   Data         512  buffer.o(.bss)
    send2_buf                                0x200007bc   Data         512  buffer.o(.bss)
    __initial_sp                             0x20000fc0   Data           0  startup_stm32l475xx.o(STACK)



==============================================================================

Memory Map of the image

  Image Entry point : 0x08000189

  Load Region LR_IROM1 (Base: 0x08000000, Size: 0x00005f70, Max: 0x00080000, ABSOLUTE)

    Execution Region ER_IROM1 (Exec base: 0x08000000, Load base: 0x08000000, Size: 0x00005f00, Max: 0x00080000, ABSOLUTE)

    Exec Addr    Load Addr    Size         Type   Attr      Idx    E Section Name        Object

    0x08000000   0x08000000   0x00000188   Data   RO            3    RESET               startup_stm32l475xx.o
    0x08000188   0x08000188   0x00000000   Code   RO         3616  * .ARM.Collect$$$$00000000  mc_w.l(entry.o)
    0x08000188   0x08000188   0x00000004   Code   RO         3907    .ARM.Collect$$$$00000001  mc_w.l(entry2.o)
    0x0800018c   0x0800018c   0x00000004   Code   RO         3910    .ARM.Collect$$$$00000004  mc_w.l(entry5.o)
    0x08000190   0x08000190   0x00000000   Code   RO         3912    .ARM.Collect$$$$00000008  mc_w.l(entry7b.o)
    0x08000190   0x08000190   0x00000000   Code   RO         3914    .ARM.Collect$$$$0000000A  mc_w.l(entry8b.o)
    0x08000190   0x08000190   0x00000008   Code   RO         3915    .ARM.Collect$$$$0000000B  mc_w.l(entry9a.o)
    0x08000198   0x08000198   0x00000000   Code   RO         3917    .ARM.Collect$$$$0000000D  mc_w.l(entry10a.o)
    0x08000198   0x08000198   0x00000000   Code   RO         3919    .ARM.Collect$$$$0000000F  mc_w.l(entry11a.o)
    0x08000198   0x08000198   0x00000004   Code   RO         3908    .ARM.Collect$$$$00002712  mc_w.l(entry2.o)
    0x0800019c   0x0800019c   0x00000024   Code   RO            4    .text               startup_stm32l475xx.o
    0x080001c0   0x080001c0   0x00000068   Code   RO         3622    .text               mc_w.l(uldiv.o)
    0x08000228   0x08000228   0x00000024   Code   RO         3624    .text               mc_w.l(memcpya.o)
    0x0800024c   0x0800024c   0x00000024   Code   RO         3626    .text               mc_w.l(memseta.o)
    0x08000270   0x08000270   0x00000024   Code   RO         3628    .text               mc_w.l(strstr.o)
    0x08000294   0x08000294   0x00000018   Code   RO         3630    .text               mc_w.l(strncpy.o)
    0x080002ac   0x080002ac   0x00000014   Code   RO         3632    .text               mc_w.l(strchr.o)
    0x080002c0   0x080002c0   0x0000000e   Code   RO         3634    .text               mc_w.l(strlen.o)
    0x080002ce   0x080002ce   0x00000002   PAD
    0x080002d0   0x080002d0   0x00000038   Code   RO         3899    .text               mc_w.l(__0sscanf.o)
    0x08000308   0x08000308   0x00000152   Code   RO         3901    .text               mc_w.l(_scanf_int.o)
    0x0800045a   0x0800045a   0x00000002   PAD
    0x0800045c   0x0800045c   0x00000366   Code   RO         3903    .text               mc_w.l(scanf_fp.o)
    0x080007c2   0x080007c2   0x0000002c   Code   RO         3922    .text               mc_w.l(uidiv.o)
    0x080007ee   0x080007ee   0x0000001e   Code   RO         3924    .text               mc_w.l(llshl.o)
    0x0800080c   0x0800080c   0x00000020   Code   RO         3926    .text               mc_w.l(llushr.o)
    0x0800082c   0x0800082c   0x0000001c   Code   RO         3928    .text               mc_w.l(_chval.o)
    0x08000848   0x08000848   0x00000028   Code   RO         3930    .text               mc_w.l(scanf_char.o)
    0x08000870   0x08000870   0x00000040   Code   RO         3932    .text               mc_w.l(_sgetc.o)
    0x080008b0   0x080008b0   0x00000000   Code   RO         3934    .text               mc_w.l(iusefp.o)
    0x080008b0   0x080008b0   0x000000ea   Code   RO         3937    .text               mf_w.l(dmul.o)
    0x0800099a   0x0800099a   0x000000de   Code   RO         3939    .text               mf_w.l(ddiv.o)
    0x08000a78   0x08000a78   0x00000018   Code   RO         3941    .text               mf_w.l(dfltul.o)
    0x08000a90   0x08000a90   0x00000038   Code   RO         3947    .text               mf_w.l(d2f.o)
    0x08000ac8   0x08000ac8   0x00000024   Code   RO         3949    .text               mc_w.l(init.o)
    0x08000aec   0x08000aec   0x0000000a   Code   RO         3953    .text               mc_w.l(isspace_c.o)
    0x08000af6   0x08000af6   0x00000002   PAD
    0x08000af8   0x08000af8   0x00000332   Code   RO         3955    .text               mc_w.l(_scanf.o)
    0x08000e2a   0x08000e2a   0x0000006e   Code   RO         3957    .text               mf_w.l(fepilogue.o)
    0x08000e98   0x08000e98   0x000000ba   Code   RO         3959    .text               mf_w.l(depilogue.o)
    0x08000f52   0x08000f52   0x00000002   PAD
    0x08000f54   0x08000f54   0x00000028   Code   RO         3961    .text               mc_w.l(ctype_c.o)
    0x08000f7c   0x08000f7c   0x000000b4   Code   RO           13    i.Accelero_Test     lsm6dsl.o
    0x08001030   0x08001030   0x00000018   Code   RO           14    i.BSP_ACCELERO_AccGetXYZ  lsm6dsl.o
    0x08001048   0x08001048   0x00000028   Code   RO           16    i.BSP_ACCELERO_Init  lsm6dsl.o
    0x08001070   0x08001070   0x00000024   Code   RO         3525    i.Buffer_Lpuart1RecvClear  buffer.o
    0x08001094   0x08001094   0x00000002   Code   RO          364    i.BusFault_Handler  stm32l4xx_it.o
    0x08001096   0x08001096   0x00000002   Code   RO          365    i.DebugMon_Handler  stm32l4xx_it.o
    0x08001098   0x08001098   0x00000002   Code   RO          253    i.Error_Handler     main.o
    0x0800109a   0x0800109a   0x0000004e   Code   RO         2662    i.HAL_DMA_Abort_IT  stm32l4xx_hal_dma.o
    0x080010e8   0x080010e8   0x0000001c   Code   RO         1929    i.HAL_Delay         stm32l4xx_hal.o
    0x08001104   0x08001104   0x00000152   Code   RO         2594    i.HAL_GPIO_DeInit   stm32l4xx_hal_gpio.o
    0x08001256   0x08001256   0x00000002   PAD
    0x08001258   0x08001258   0x000001ca   Code   RO         2597    i.HAL_GPIO_Init     stm32l4xx_hal_gpio.o
    0x08001422   0x08001422   0x0000000a   Code   RO         2601    i.HAL_GPIO_WritePin  stm32l4xx_hal_gpio.o
    0x0800142c   0x0800142c   0x0000000c   Code   RO         1933    i.HAL_GetTick       stm32l4xx_hal.o
    0x08001438   0x08001438   0x00000056   Code   RO         1410    i.HAL_I2CEx_ConfigAnalogFilter  stm32l4xx_hal_i2c_ex.o
    0x0800148e   0x0800148e   0x00000052   Code   RO         1411    i.HAL_I2CEx_ConfigDigitalFilter  stm32l4xx_hal_i2c_ex.o
    0x080014e0   0x080014e0   0x00000032   Code   RO          955    i.HAL_I2C_DeInit    stm32l4xx_hal_i2c.o
    0x08001512   0x08001512   0x00000002   PAD
    0x08001514   0x08001514   0x000000b8   Code   RO          964    i.HAL_I2C_Init      stm32l4xx_hal_i2c.o
    0x080015cc   0x080015cc   0x0000016a   Code   RO          982    i.HAL_I2C_Mem_Read  stm32l4xx_hal_i2c.o
    0x08001736   0x08001736   0x00000002   PAD
    0x08001738   0x08001738   0x0000015e   Code   RO          985    i.HAL_I2C_Mem_Write  stm32l4xx_hal_i2c.o
    0x08001896   0x08001896   0x00000002   PAD
    0x08001898   0x08001898   0x00000028   Code   RO          457    i.HAL_I2C_MspDeInit  stm32l4xx_hal_msp.o
    0x080018c0   0x080018c0   0x00000064   Code   RO          458    i.HAL_I2C_MspInit   stm32l4xx_hal_msp.o
    0x08001924   0x08001924   0x00000010   Code   RO         1937    i.HAL_IncTick       stm32l4xx_hal.o
    0x08001934   0x08001934   0x0000001e   Code   RO         1938    i.HAL_Init          stm32l4xx_hal.o
    0x08001952   0x08001952   0x00000002   PAD
    0x08001954   0x08001954   0x00000030   Code   RO         1939    i.HAL_InitTick      stm32l4xx_hal.o
    0x08001984   0x08001984   0x0000002c   Code   RO          459    i.HAL_MspInit       stm32l4xx_hal_msp.o
    0x080019b0   0x080019b0   0x00000016   Code   RO         3138    i.HAL_NVIC_EnableIRQ  stm32l4xx_hal_cortex.o
    0x080019c6   0x080019c6   0x00000002   PAD
    0x080019c8   0x080019c8   0x00000040   Code   RO         3144    i.HAL_NVIC_SetPriority  stm32l4xx_hal_cortex.o
    0x08001a08   0x08001a08   0x00000024   Code   RO         3145    i.HAL_NVIC_SetPriorityGrouping  stm32l4xx_hal_cortex.o
    0x08001a2c   0x08001a2c   0x00000068   Code   RO         2888    i.HAL_PWREx_ControlVoltageScaling  stm32l4xx_hal_pwr_ex.o
    0x08001a94   0x08001a94   0x00000010   Code   RO         2919    i.HAL_PWREx_GetVoltageRange  stm32l4xx_hal_pwr_ex.o
    0x08001aa4   0x08001aa4   0x00000010   Code   RO         2780    i.HAL_PWR_EnableBkUpAccess  stm32l4xx_hal_pwr.o
    0x08001ab4   0x08001ab4   0x00000010   Code   RO         2247    i.HAL_RCCEx_EnableMSIPLLMode  stm32l4xx_hal_rcc_ex.o
    0x08001ac4   0x08001ac4   0x000003ae   Code   RO         2254    i.HAL_RCCEx_PeriphCLKConfig  stm32l4xx_hal_rcc_ex.o
    0x08001e72   0x08001e72   0x00000002   PAD
    0x08001e74   0x08001e74   0x00000118   Code   RO         2139    i.HAL_RCC_ClockConfig  stm32l4xx_hal_rcc.o
    0x08001f8c   0x08001f8c   0x00000024   Code   RO         2145    i.HAL_RCC_GetPCLK1Freq  stm32l4xx_hal_rcc.o
    0x08001fb0   0x08001fb0   0x00000024   Code   RO         2146    i.HAL_RCC_GetPCLK2Freq  stm32l4xx_hal_rcc.o
    0x08001fd4   0x08001fd4   0x000000a4   Code   RO         2147    i.HAL_RCC_GetSysClockFreq  stm32l4xx_hal_rcc.o
    0x08002078   0x08002078   0x00000464   Code   RO         2150    i.HAL_RCC_OscConfig  stm32l4xx_hal_rcc.o
    0x080024dc   0x080024dc   0x00000028   Code   RO         3149    i.HAL_SYSTICK_Config  stm32l4xx_hal_cortex.o
    0x08002504   0x08002504   0x00000002   Code   RO         1827    i.HAL_UARTEx_WakeupCallback  stm32l4xx_hal_uart_ex.o
    0x08002506   0x08002506   0x00000002   Code   RO         1486    i.HAL_UART_ErrorCallback  stm32l4xx_hal_uart.o
    0x08002508   0x08002508   0x00000144   Code   RO         1489    i.HAL_UART_IRQHandler  stm32l4xx_hal_uart.o
    0x0800264c   0x0800264c   0x0000006a   Code   RO         1490    i.HAL_UART_Init     stm32l4xx_hal_uart.o
    0x080026b6   0x080026b6   0x00000002   PAD
    0x080026b8   0x080026b8   0x000000e8   Code   RO          461    i.HAL_UART_MspInit  stm32l4xx_hal_msp.o
    0x080027a0   0x080027a0   0x00000088   Code   RO          254    i.HAL_UART_RxCpltCallback  main.o
    0x08002828   0x08002828   0x000000b0   Code   RO         1498    i.HAL_UART_Transmit  stm32l4xx_hal_uart.o
    0x080028d8   0x080028d8   0x00000002   Code   RO         1501    i.HAL_UART_TxCpltCallback  stm32l4xx_hal_uart.o
    0x080028da   0x080028da   0x00000002   Code   RO          366    i.HardFault_Handler  stm32l4xx_it.o
    0x080028dc   0x080028dc   0x00000022   Code   RO         1011    i.I2C_Flush_TXDR    stm32l4xx_hal_i2c.o
    0x080028fe   0x080028fe   0x00000002   PAD
    0x08002900   0x08002900   0x00000084   Code   RO         1019    i.I2C_IsAcknowledgeFailed  stm32l4xx_hal_i2c.o
    0x08002984   0x08002984   0x00000064   Code   RO         1022    i.I2C_RequestMemoryRead  stm32l4xx_hal_i2c.o
    0x080029e8   0x080029e8   0x00000064   Code   RO         1023    i.I2C_RequestMemoryWrite  stm32l4xx_hal_i2c.o
    0x08002a4c   0x08002a4c   0x0000002c   Code   RO         1026    i.I2C_TransferConfig  stm32l4xx_hal_i2c.o
    0x08002a78   0x08002a78   0x00000058   Code   RO         1027    i.I2C_WaitOnFlagUntilTimeout  stm32l4xx_hal_i2c.o
    0x08002ad0   0x08002ad0   0x0000004c   Code   RO         1029    i.I2C_WaitOnSTOPFlagUntilTimeout  stm32l4xx_hal_i2c.o
    0x08002b1c   0x08002b1c   0x00000050   Code   RO         1030    i.I2C_WaitOnTXISFlagUntilTimeout  stm32l4xx_hal_i2c.o
    0x08002b6c   0x08002b6c   0x0000000e   Code   RO           17    i.I2Cx_Error        lsm6dsl.o
    0x08002b7a   0x08002b7a   0x0000002a   Code   RO           18    i.I2Cx_ReadMultiple  lsm6dsl.o
    0x08002ba4   0x08002ba4   0x0000002a   Code   RO           19    i.I2Cx_WriteMultiple  lsm6dsl.o
    0x08002bce   0x08002bce   0x00000002   PAD
    0x08002bd0   0x08002bd0   0x0000000c   Code   RO          367    i.LPUART1_IRQHandler  stm32l4xx_it.o
    0x08002bdc   0x08002bdc   0x0000001a   Code   RO           20    i.LSM6DSL_AccDeInit  lsm6dsl.o
    0x08002bf6   0x08002bf6   0x00000038   Code   RO           21    i.LSM6DSL_AccInit   lsm6dsl.o
    0x08002c2e   0x08002c2e   0x00000022   Code   RO           22    i.LSM6DSL_AccLowPower  lsm6dsl.o
    0x08002c50   0x08002c50   0x00000012   Code   RO           23    i.LSM6DSL_AccReadID  lsm6dsl.o
    0x08002c62   0x08002c62   0x00000002   PAD
    0x08002c64   0x08002c64   0x000000b4   Code   RO           24    i.LSM6DSL_AccReadXYZ  lsm6dsl.o
    0x08002d18   0x08002d18   0x000000e0   Code   RO          255    i.MX_GPIO_Init      main.o
    0x08002df8   0x08002df8   0x00000058   Code   RO           25    i.MX_I2C1_Init      lsm6dsl.o
    0x08002e50   0x08002e50   0x00000074   Code   RO          256    i.MX_LPUART1_UART_Init  main.o
    0x08002ec4   0x08002ec4   0x0000004c   Code   RO          257    i.MX_USART2_UART_Init  main.o
    0x08002f10   0x08002f10   0x000000c6   Code   RO         3571    i.Mcu_UartxSendAtCommand  at_uart.o
    0x08002fd6   0x08002fd6   0x00000018   Code   RO         3572    i.Mcu_UartxSendByte  at_uart.o
    0x08002fee   0x08002fee   0x000000ca   Code   RO         3574    i.Mcu_UartxSendLR   at_uart.o
    0x080030b8   0x080030b8   0x0000007e   Code   RO         3575    i.Mcu_UartxSendString  at_uart.o
    0x08003136   0x08003136   0x00000002   Code   RO          368    i.MemManage_Handler  stm32l4xx_it.o
    0x08003138   0x08003138   0x00000002   Code   RO          369    i.NMI_Handler       stm32l4xx_it.o
    0x0800313a   0x0800313a   0x00000020   Code   RO         3151    i.NVIC_SetPriority  stm32l4xx_hal_cortex.o
    0x0800315a   0x0800315a   0x00000002   Code   RO          370    i.PendSV_Handler    stm32l4xx_it.o
    0x0800315c   0x0800315c   0x0000012c   Code   RO         2258    i.RCCEx_PLLSAI1_Config  stm32l4xx_hal_rcc_ex.o
    0x08003288   0x08003288   0x00000108   Code   RO         2259    i.RCCEx_PLLSAI2_Config  stm32l4xx_hal_rcc_ex.o
    0x08003390   0x08003390   0x0000007c   Code   RO         2151    i.RCC_SetFlashLatencyFromMSIRange  stm32l4xx_hal_rcc.o
    0x0800340c   0x0800340c   0x00000024   Code   RO           27    i.SENSOR_IO_Read    lsm6dsl.o
    0x08003430   0x08003430   0x00000018   Code   RO           28    i.SENSOR_IO_ReadMultiple  lsm6dsl.o
    0x08003448   0x08003448   0x00000020   Code   RO           29    i.SENSOR_IO_Write   lsm6dsl.o
    0x08003468   0x08003468   0x00000002   Code   RO          371    i.SVC_Handler       stm32l4xx_it.o
    0x0800346a   0x0800346a   0x00000004   Code   RO          372    i.SysTick_Handler   stm32l4xx_it.o
    0x0800346e   0x0800346e   0x00000002   PAD
    0x08003470   0x08003470   0x00000104   Code   RO          258    i.SystemClock_Config  main.o
    0x08003574   0x08003574   0x00000044   Code   RO         3269    i.SystemInit        system_stm32l4xx.o
    0x080035b8   0x080035b8   0x000000c8   Code   RO         1503    i.UART_AdvFeatureConfig  stm32l4xx_hal_uart.o
    0x08003680   0x08003680   0x0000005c   Code   RO         1504    i.UART_CheckIdleState  stm32l4xx_hal_uart.o
    0x080036dc   0x080036dc   0x00000014   Code   RO         1505    i.UART_DMAAbortOnError  stm32l4xx_hal_uart.o
    0x080036f0   0x080036f0   0x00000020   Code   RO         1515    i.UART_EndRxTransfer  stm32l4xx_hal_uart.o
    0x08003710   0x08003710   0x000002a0   Code   RO         1519    i.UART_SetConfig    stm32l4xx_hal_uart.o
    0x080039b0   0x080039b0   0x00000064   Code   RO         1522    i.UART_WaitOnFlagUntilTimeout  stm32l4xx_hal_uart.o
    0x08003a14   0x08003a14   0x0000000c   Code   RO          373    i.USART2_IRQHandler  stm32l4xx_it.o
    0x08003a20   0x08003a20   0x00000002   Code   RO          374    i.UsageFault_Handler  stm32l4xx_it.o
    0x08003a22   0x08003a22   0x00000002   PAD
    0x08003a24   0x08003a24   0x00000020   Code   RO         3793    i.__0printf$6       mc_w.l(printf6.o)
    0x08003a44   0x08003a44   0x00000028   Code   RO         3795    i.__0sprintf$6      mc_w.l(printf6.o)
    0x08003a6c   0x08003a6c   0x0000000e   Code   RO         3966    i.__scatterload_copy  mc_w.l(handlers.o)
    0x08003a7a   0x08003a7a   0x00000002   Code   RO         3967    i.__scatterload_null  mc_w.l(handlers.o)
    0x08003a7c   0x08003a7c   0x0000000e   Code   RO         3968    i.__scatterload_zeroinit  mc_w.l(handlers.o)
    0x08003a8a   0x08003a8a   0x0000000e   Code   RO         3905    i._is_digit         mc_w.l(scanf_fp.o)
    0x08003a98   0x08003a98   0x000002f6   Code   RO         3800    i._printf_core      mc_w.l(printf6.o)
    0x08003d8e   0x08003d8e   0x00000024   Code   RO         3801    i._printf_post_padding  mc_w.l(printf6.o)
    0x08003db2   0x08003db2   0x0000002e   Code   RO         3802    i._printf_pre_padding  mc_w.l(printf6.o)
    0x08003de0   0x08003de0   0x0000000a   Code   RO         3804    i._sputc            mc_w.l(printf6.o)
    0x08003dea   0x08003dea   0x00000002   PAD
    0x08003dec   0x08003dec   0x00000078   Code   RO         3338    i.attach_network    drv_nb.o
    0x08003e64   0x08003e64   0x0000018a   Code   RO         3339    i.bc28_agatt_query  drv_nb.o
    0x08003fee   0x08003fee   0x00000002   PAD
    0x08003ff0   0x08003ff0   0x00000182   Code   RO         3342    i.bc28_cereg_query  drv_nb.o
    0x08004172   0x08004172   0x00000002   PAD
    0x08004174   0x08004174   0x00000176   Code   RO         3343    i.bc28_cgsn_query   drv_nb.o
    0x080042ea   0x080042ea   0x00000002   PAD
    0x080042ec   0x080042ec   0x0000016e   Code   RO         3344    i.bc28_cimi_query   drv_nb.o
    0x0800445a   0x0800445a   0x00000002   PAD
    0x0800445c   0x0800445c   0x00000124   Code   RO         3345    i.bc28_cmee_at      drv_nb.o
    0x08004580   0x08004580   0x000001aa   Code   RO         3346    i.bc28_coapcontext_create  drv_nb.o
    0x0800472a   0x0800472a   0x00000002   PAD
    0x0800472c   0x0800472c   0x0000018e   Code   RO         3347    i.bc28_coapcontext_delete  drv_nb.o
    0x080048ba   0x080048ba   0x00000002   PAD
    0x080048bc   0x080048bc   0x00000232   Code   RO         3348    i.bc28_coaphead_config  drv_nb.o
    0x08004aee   0x08004aee   0x00000002   PAD
    0x08004af0   0x08004af0   0x00000114   Code   RO         3349    i.bc28_coapmsg_key  drv_nb.o
    0x08004c04   0x08004c04   0x00000186   Code   RO         3350    i.bc28_coapmsg_option_config  drv_nb.o
    0x08004d8a   0x08004d8a   0x00000002   PAD
    0x08004d8c   0x08004d8c   0x000000d8   Code   RO         3351    i.bc28_coapmsg_post  drv_nb.o
    0x08004e64   0x08004e64   0x00000118   Code   RO         3352    i.bc28_coapmsg_send  drv_nb.o
    0x08004f7c   0x08004f7c   0x00000192   Code   RO         3353    i.bc28_csq_query    drv_nb.o
    0x0800510e   0x0800510e   0x00000002   PAD
    0x08005110   0x08005110   0x0000018e   Code   RO         3354    i.bc28_datastatus_query  drv_nb.o
    0x0800529e   0x0800529e   0x00000002   PAD
    0x080052a0   0x080052a0   0x000000e0   Code   RO         3356    i.bc28_echo_off     drv_nb.o
    0x08005380   0x08005380   0x00000134   Code   RO         3358    i.bc28_nconfig_auto  drv_nb.o
    0x080054b4   0x080054b4   0x0000011c   Code   RO         3360    i.bc28_rst_at       drv_nb.o
    0x080055d0   0x080055d0   0x0000006c   Code   RO         3307    i.convert_tohexstring  crc.o
    0x0800563c   0x0800563c   0x00000018   Code   RO          260    i.fputc             main.o
    0x08005654   0x08005654   0x000000dc   Code   RO          261    i.main              main.o
    0x08005730   0x08005730   0x000000c4   Code   RO         3361    i.nbdatastatus_analyze  drv_nb.o
    0x080057f4   0x080057f4   0x0000024c   Code   RO         3362    i.nbmsg_send        drv_nb.o
    0x08005a40   0x08005a40   0x000000dc   Code   RO         3363    i.nbraw_send        drv_nb.o
    0x08005b1c   0x08005b1c   0x0000022c   Code   RO         3364    i.nbtoken_get       drv_nb.o
    0x08005d48   0x08005d48   0x00000040   Data   RO         3270    .constdata          system_stm32l4xx.o
    0x08005d88   0x08005d88   0x00000008   Data   RO         3271    .constdata          system_stm32l4xx.o
    0x08005d90   0x08005d90   0x00000040   Data   RO         3962    .constdata          mc_w.l(ctype_c.o)
    0x08005dd0   0x08005dd0   0x000000ca   Data   RO           33    .conststring        lsm6dsl.o
    0x08005e9a   0x08005e9a   0x00000002   PAD
    0x08005e9c   0x08005e9c   0x00000043   Data   RO          271    .conststring        main.o
    0x08005edf   0x08005edf   0x00000001   PAD
    0x08005ee0   0x08005ee0   0x00000020   Data   RO         3964    Region$$Table       anon$$obj.o


    Execution Region RW_IRAM1 (Exec base: 0x20000000, Load base: 0x08005f00, Size: 0x00000fc0, Max: 0x00018000, ABSOLUTE)

    Exec Addr    Load Addr    Size         Type   Attr      Idx    E Section Name        Object

    0x20000000   0x08005f00   0x00000040   Data   RW           34    .data               lsm6dsl.o
    0x20000040   0x08005f40   0x00000001   Data   RW          272    .data               main.o
    0x20000041   0x08005f41   0x00000003   PAD
    0x20000044   0x08005f44   0x00000004   Data   RW         1954    .data               stm32l4xx_hal.o
    0x20000048   0x08005f48   0x00000004   Data   RW         3272    .data               system_stm32l4xx.o
    0x2000004c   0x08005f4c   0x00000008   Data   RW         3366    .data               drv_nb.o
    0x20000054   0x08005f54   0x00000018   Data   RW         3530    .data               buffer.o
    0x2000006c   0x08005f6c   0x00000004   Data   RW         3921    .data               mc_w.l(stdout.o)
    0x20000070        -       0x0000004c   Zero   RW          264    .bss                main.o
    0x200000bc        -       0x000000f0   Zero   RW          265    .bss                main.o
    0x200001ac        -       0x00000010   Zero   RW         3365    .bss                drv_nb.o
    0x200001bc        -       0x00000800   Zero   RW         3529    .bss                buffer.o
    0x200009bc   0x08005f70   0x00000004   PAD
    0x200009c0        -       0x00000600   Zero   RW            1    STACK               startup_stm32l475xx.o


==============================================================================

Image component sizes


      Code (inc. data)   RO Data    RW Data    ZI Data      Debug   Object Name

       550          0          0          0          0       2725   at_uart.o
        36          8          0         24       2048       1536   buffer.o
       108         22          0          0          0       1258   crc.o
      7656       2268          0          8         16      16107   drv_nb.o
       836        166        202         64          0     847446   lsm6dsl.o
      1058        250         67          1        316       8804   main.o
        36          8        392          0       1536        844   startup_stm32l475xx.o
       134         18          0          4          0       4239   stm32l4xx_hal.o
       194         14          0          0          0      30463   stm32l4xx_hal_cortex.o
        78          0          0          0          0       1099   stm32l4xx_hal_dma.o
       806         72          0          0          0       3358   stm32l4xx_hal_gpio.o
      1600         40          0          0          0      12507   stm32l4xx_hal_i2c.o
       168          0          0          0          0       1947   stm32l4xx_hal_i2c_ex.o
       416         54          0          0          0       3053   stm32l4xx_hal_msp.o
        16          4          0          0          0        555   stm32l4xx_hal_pwr.o
       120         20          0          0          0       1386   stm32l4xx_hal_pwr_ex.o
      1764         86          0          0          0       6976   stm32l4xx_hal_rcc.o
      1522         48          0          0          0       4665   stm32l4xx_hal_rcc_ex.o
      1726         74          0          0          0      10058   stm32l4xx_hal_uart.o
         2          0          0          0          0       1024   stm32l4xx_hal_uart_ex.o
        44         12          0          0          0       5115   stm32l4xx_it.o
        68         12         72          4          0       1241   system_stm32l4xx.o

    ----------------------------------------------------------------------
     18984       3176        768        108       3920     966406   Object Totals
         0          0         32          0          0          0   (incl. Generated)
        46          0          3          3          4          0   (incl. Padding)

    ----------------------------------------------------------------------

      Code (inc. data)   RO Data    RW Data    ZI Data      Debug   Library Member Name

        56          8          0          0          0         84   __0sscanf.o
        28          0          0          0          0         68   _chval.o
       818          4          0          0          0        112   _scanf.o
       338          0          0          0          0         96   _scanf_int.o
        64          0          0          0          0         84   _sgetc.o
        40          6         64          0          0         68   ctype_c.o
         0          0          0          0          0          0   entry.o
         0          0          0          0          0          0   entry10a.o
         0          0          0          0          0          0   entry11a.o
         8          4          0          0          0          0   entry2.o
         4          0          0          0          0          0   entry5.o
         0          0          0          0          0          0   entry7b.o
         0          0          0          0          0          0   entry8b.o
         8          4          0          0          0          0   entry9a.o
        30          0          0          0          0          0   handlers.o
        36          8          0          0          0         68   init.o
        10          0          0          0          0         68   isspace_c.o
         0          0          0          0          0          0   iusefp.o
        30          0          0          0          0         68   llshl.o
        32          0          0          0          0         68   llushr.o
        36          0          0          0          0         68   memcpya.o
        36          0          0          0          0        108   memseta.o
       922         20          0          0          0        504   printf6.o
        40          8          0          0          0         84   scanf_char.o
       884         12          0          0          0        216   scanf_fp.o
         0          0          0          4          0          0   stdout.o
        20          0          0          0          0         68   strchr.o
        14          0          0          0          0         68   strlen.o
        24          0          0          0          0         76   strncpy.o
        36          0          0          0          0         80   strstr.o
        44          0          0          0          0         80   uidiv.o
       104          0          0          0          0         92   uldiv.o
        56          0          0          0          0         88   d2f.o
       222          0          0          0          0        100   ddiv.o
       186          0          0          0          0        176   depilogue.o
        24          0          0          0          0         76   dfltul.o
       234          0          0          0          0         96   dmul.o
       110          0          0          0          0        168   fepilogue.o

    ----------------------------------------------------------------------
      4504         74         64          4          0       2932   Library Totals
        10          0          0          0          0          0   (incl. Padding)

    ----------------------------------------------------------------------

      Code (inc. data)   RO Data    RW Data    ZI Data      Debug   Library Name

      3662         74         64          4          0       2228   mc_w.l
       832          0          0          0          0        704   mf_w.l

    ----------------------------------------------------------------------
      4504         74         64          4          0       2932   Library Totals

    ----------------------------------------------------------------------

==============================================================================


      Code (inc. data)   RO Data    RW Data    ZI Data      Debug   

     23488       3250        832        112       3920     956782   Grand Totals
     23488       3250        832        112       3920     956782   ELF Image Totals
     23488       3250        832        112          0          0   ROM Totals

==============================================================================

    Total RO  Size (Code + RO Data)                24320 (  23.75kB)
    Total RW  Size (RW Data + ZI Data)              4032 (   3.94kB)
    Total ROM Size (Code + RO Data + RW Data)      24432 (  23.86kB)

==============================================================================

